Product: MDK-ARM Professional 5.10
Component: ARM Compiler 5.04 update 1 (build 49)
Tool: armlink [5040049]

==============================================================================

Section Cross References

    main.o(.text) refers to printfa.o(i.__0printf) for __2printf
    main.o(.text) refers to f2d.o(.text) for __aeabi_f2d
    main.o(.text) refers to ctype_o.o(.text) for __rt_ctype_table
    main.o(.text) refers to cjson.o(.text) for cJSON_Parse
    main.o(.text) refers to strncmp.o(.text) for strncmp
    main.o(.text) refers to lcd.o(.text) for LCD_DisplayString
    main.o(.text) refers to common.o(.text) for delay_ms
    main.o(.text) refers to memcpya.o(.text) for __aeabi_memcpy4
    main.o(.text) refers to usart1.o(.text) for GetTimerCount
    main.o(.text) refers to main.o(.data) for APIKEY
    main.o(.text) refers to main.o(.conststring) for .conststring
    main.o(.text) refers to printfa.o(i.__0sprintf) for __2sprintf
    main.o(.text) refers to 24c02.o(.text) for AT24C02_Write
    main.o(.text) refers to stm32f4xx_exti.o(.text) for EXTI_GetITStatus
    main.o(.text) refers to stm32f4xx_rcc.o(.text) for RCC_AHB1PeriphClockCmd
    main.o(.text) refers to stm32f4xx_gpio.o(.text) for GPIO_Init
    main.o(.text) refers to stm32f4xx_syscfg.o(.text) for SYSCFG_EXTILineConfig
    main.o(.text) refers to misc.o(.text) for NVIC_Init
    main.o(.text) refers to led.o(.text) for LED_Init
    main.o(.text) refers to key.o(.text) for KEY_Init
    main.o(.text) refers to lcd.o(.data) for BRUSH_COLOR
    main.o(.text) refers to key.o(.data) for keyup_data
    main.o(.text) refers to main.o(.bss) for aRxBuffer
    main.o(.data) refers to main.o(.conststring) for .conststring
    startup_stm32f40_41xxx.o(RESET) refers to startup_stm32f40_41xxx.o(STACK) for __initial_sp
    startup_stm32f40_41xxx.o(RESET) refers to startup_stm32f40_41xxx.o(.text) for Reset_Handler
    startup_stm32f40_41xxx.o(RESET) refers to stm32f4xx_it.o(.text) for NMI_Handler
    startup_stm32f40_41xxx.o(RESET) refers to main.o(.text) for EXTI0_IRQHandler
    startup_stm32f40_41xxx.o(RESET) refers to usart1.o(.text) for TIM2_IRQHandler
    startup_stm32f40_41xxx.o(.text) refers to system_stm32f4xx.o(.text) for SystemInit
    startup_stm32f40_41xxx.o(.text) refers to entry.o(.ARM.Collect$$$$00000000) for __main
    system_stm32f4xx.o(.text) refers to system_stm32f4xx.o(.data) for SystemCoreClock
    lcd.o(.text) refers to common.o(.text) for delay_us
    lcd.o(.text) refers to lcd.o(.data) for write_gramcmd
    lcd.o(.text) refers to stm32f4xx_rcc.o(.text) for RCC_AHB1PeriphClockCmd
    lcd.o(.text) refers to stm32f4xx_gpio.o(.text) for GPIO_Init
    lcd.o(.text) refers to stm32f4xx_fsmc.o(.text) for FSMC_NORSRAMInit
    lcd.o(.text) refers to lcd.o(.constdata) for char_1206
    led.o(.text) refers to stm32f4xx_rcc.o(.text) for RCC_AHB1PeriphClockCmd
    led.o(.text) refers to stm32f4xx_gpio.o(.text) for GPIO_Init
    key.o(.text) refers to stm32f4xx_rcc.o(.text) for RCC_AHB1PeriphClockCmd
    key.o(.text) refers to stm32f4xx_gpio.o(.text) for GPIO_Init
    key.o(.text) refers to key.o(.data) for keyup_data
    cjson.o(.text) refers to scanf_fp.o(.text) for _scanf_real
    cjson.o(.text) refers to printfa.o(i.__0sprintf) for __2sprintf
    cjson.o(.text) refers to tolower.o(.text) for tolower
    cjson.o(.text) refers to strlen.o(.text) for strlen
    cjson.o(.text) refers to memcpya.o(.text) for __aeabi_memcpy
    cjson.o(.text) refers to memseta.o(.text) for __aeabi_memclr4
    cjson.o(.text) refers to localeconv.o(.text) for localeconv
    cjson.o(.text) refers to strtod.o(i.__hardfp_strtod) for __hardfp_strtod
    cjson.o(.text) refers to cdrcmple.o(.text) for __aeabi_cdrcmple
    cjson.o(.text) refers to cdcmple.o(.text) for __aeabi_cdcmple
    cjson.o(.text) refers to dfixi.o(.text) for __aeabi_d2iz
    cjson.o(.text) refers to cjson.o(.data) for global_error
    cjson.o(.text) refers to cjson.o(.bss) for version
    cjson.o(.text) refers to mallocr.o(i.__malloc$realloc) for malloc
    cjson.o(.text) refers to mallocr.o(i.__free$realloc) for free
    cjson.o(.text) refers to mallocr.o(i.realloc) for realloc
    cjson.o(.text) refers to dmul.o(.text) for __aeabi_dmul
    cjson.o(.text) refers to __0sscanf.o(.text) for __0sscanf
    cjson.o(.text) refers to strcpy.o(.text) for strcpy
    cjson.o(.text) refers to strncmp.o(.text) for strncmp
    cjson.o(.text) refers to strcmp.o(.text) for strcmp
    cjson.o(.text) refers to dflti.o(.text) for __aeabi_i2d
    cjson.o(.text) refers to f2d.o(.text) for __aeabi_f2d
    cjson.o(.data) refers to mallocr.o(i.__malloc$realloc) for malloc
    cjson.o(.data) refers to mallocr.o(i.__free$realloc) for free
    cjson.o(.data) refers to mallocr.o(i.realloc) for realloc
    usart1.o(.text) refers to stm32f4xx_rcc.o(.text) for RCC_AHB1PeriphClockCmd
    usart1.o(.text) refers to stm32f4xx_usart.o(.text) for USART_DeInit
    usart1.o(.text) refers to stm32f4xx_gpio.o(.text) for GPIO_PinAFConfig
[...]
    get_array_item                           0x08005221   Thumb Code    30  cjson.o(.text)
    get_object_item                          0x08005257   Thumb Code    68  cjson.o(.text)
    suffix_object                            0x080052d7   Thumb Code     6  cjson.o(.text)
    create_reference                         0x080052dd   Thumb Code    52  cjson.o(.text)
    replace_item_in_object                   0x0800556b   Thumb Code    82  cjson.o(.text)
    .text                                    0x08005c80   Section        0  usart1.o(.text)
    .text                                    0x08005ee0   Section        0  24c02.o(.text)
    .text                                    0x08006190   Section        0  misc.o(.text)
    .text                                    0x08006270   Section        0  stm32f4xx_fsmc.o(.text)
    .text                                    0x08006838   Section        0  stm32f4xx_gpio.o(.text)
    .text                                    0x08006acc   Section        0  stm32f4xx_rcc.o(.text)
    .text                                    0x08007128   Section        0  stm32f4xx_usart.o(.text)
    .text                                    0x0800757c   Section        0  stm32f4xx_exti.o(.text)
    .text                                    0x0800768c   Section        0  stm32f4xx_tim.o(.text)
    TI4_Config                               0x08007e2b   Thumb Code    80  stm32f4xx_tim.o(.text)
    TI3_Config                               0x08007e8d   Thumb Code    72  stm32f4xx_tim.o(.text)
    TI2_Config                               0x08007eef   Thumb Code    90  stm32f4xx_tim.o(.text)
    TI1_Config                               0x08007f5b   Thumb Code    58  stm32f4xx_tim.o(.text)
    .text                                    0x08008330   Section        0  stm32f4xx_syscfg.o(.text)
    .text                                    0x080083c4   Section        0  common.o(.text)
    .text                                    0x080086e0   Section        0  ctype_o.o(.text)
    .text                                    0x080086e8   Section        0  isspace_o.o(.text)
    .text                                    0x080086fa   Section        0  tolower.o(.text)
    .text                                    0x08008708   Section        0  localeconv.o(.text)
    .text                                    0x08008710   Section        0  memcpya.o(.text)
    .text                                    0x08008734   Section        0  memseta.o(.text)
    .text                                    0x08008758   Section        0  strlen.o(.text)
    .text                                    0x08008766   Section        0  strcmp.o(.text)
    .text                                    0x08008782   Section        0  strcpy.o(.text)
    .text                                    0x08008794   Section        0  strncmp.o(.text)
    .text                                    0x080087b4   Section        0  __0sscanf.o(.text)
    .text                                    0x080087ec   Section        0  scanf_fp.o(.text)
    _fp_value                                0x080087ed   Thumb Code   256  scanf_fp.o(.text)
    .text                                    0x08008b24   Section        0  dmul.o(.text)
    .text                                    0x08008c08   Section        0  dflti.o(.text)
    .text                                    0x08008c2a   Section        0  dfixi.o(.text)
    .text                                    0x08008c68   Section        0  f2d.o(.text)
    .text                                    0x08008c90   Section       40  cdcmple.o(.text)
    .text                                    0x08008cb8   Section       40  cdrcmple.o(.text)
    .text                                    0x08008ce0   Section        0  uidiv.o(.text)
    .text                                    0x08008d0c   Section        0  uldiv.o(.text)
    .text                                    0x08008d6e   Section        0  llushr.o(.text)
    .text                                    0x08008d90   Section        0  scanf_char.o(.text)
    _scanf_char_input                        0x08008d91   Thumb Code    12  scanf_char.o(.text)
    .text                                    0x08008db8   Section        0  _sgetc.o(.text)
    .text                                    0x08008df8   Section        0  strtod.o(.text)
    _local_sscanf                            0x08008df9   Thumb Code    54  strtod.o(.text)
    .text                                    0x08008e94   Section        0  depilogue.o(.text)
    .text                                    0x08008e94   Section        0  iusefp.o(.text)
    .text                                    0x08008f4a   Section        0  dadd.o(.text)
    .text                                    0x08009098   Section        0  ddiv.o(.text)
    .text                                    0x08009176   Section        0  dfltul.o(.text)
    .text                                    0x0800918e   Section        0  dfixul.o(.text)
    .text                                    0x080091be   Section        0  d2f.o(.text)
    .text                                    0x080091f8   Section       36  init.o(.text)
    .text                                    0x0800921c   Section        0  llshl.o(.text)
    .text                                    0x0800923a   Section        0  llsshr.o(.text)
    .text                                    0x08009260   Section        0  _scanf.o(.text)
    .text                                    0x08009588   Section        0  fepilogue.o(.text)
    i.__0printf                              0x080095f8   Section        0  printfa.o(i.__0printf)
    i.__0sprintf                             0x08009618   Section        0  printfa.o(i.__0sprintf)
    i.__free$realloc                         0x08009640   Section        0  mallocr.o(i.__free$realloc)
    i.__hardfp_strtod                        0x080096a0   Section        0  strtod.o(i.__hardfp_strtod)
    i.__malloc$realloc                       0x080096c8   Section        0  mallocr.o(i.__malloc$realloc)
    i.__scatterload_copy                     0x08009718   Section       14  handlers.o(i.__scatterload_copy)
    i.__scatterload_null                     0x08009726   Section        2  handlers.o(i.__scatterload_null)
    i.__scatterload_zeroinit                 0x08009728   Section       14  handlers.o(i.__scatterload_zeroinit)
    i._fp_digits                             0x08009738   Section        0  printfa.o(i._fp_digits)
    _fp_digits                               0x08009739   Thumb Code   334  printfa.o(i._fp_digits)
    i._is_digit                              0x0800989c   Section        0  scanf_fp.o(i._is_digit)
    i._printf_core                           0x080098ac   Section        0  printfa.o(i._printf_core)
    _printf_core                             0x080098ad   Thumb Code  1744  printfa.o(i._printf_core)
    i._printf_post_padding                   0x08009f88   Section        0  printfa.o(i._printf_post_padding)
    _printf_post_padding                     0x08009f89   Thumb Code    36  printfa.o(i._printf_post_padding)
    i._printf_pre_padding                    0x08009fac   Section        0  printfa.o(i._printf_pre_padding)
    _printf_pre_padding                      0x08009fad   Thumb Code    46  printfa.o(i._printf_pre_padding)
    i._sputc                                 0x08009fda   Section        0  printfa.o(i._sputc)
    _sputc                                   0x08009fdb   Thumb Code    10  printfa.o(i._sputc)
    i.internal_alloc                         0x08009fe4   Section        0  mallocr.o(i.internal_alloc)
    internal_alloc                           0x08009fe5   Thumb Code    76  mallocr.o(i.internal_alloc)
    i.realloc                                0x0800a034   Section        0  mallocr.o(i.realloc)
    .constdata                               0x0800a0a0   Section     8748  lcd.o(.constdata)
    .constdata                               0x0800c2cc   Section       28  stm32f4xx_fsmc.o(.constdata)
    .constdata                               0x0800c2e8   Section      129  ctype_o.o(.constdata)
    .constdata                               0x0800c36c   Section        4  ctype_o.o(.constdata)
    table                                    0x0800c36c   Data           4  ctype_o.o(.constdata)
    .constdata                               0x0800c370   Section       56  ilconv.o(.constdata)
    .conststring                             0x0800c3a8   Section      142  main.o(.conststring)
    .conststring                             0x0800c438   Section        5  ilconv.o(.conststring)
    .data                                    0x20000000   Section      151  main.o(.data)
    .data                                    0x20000098   Section       20  system_stm32f4xx.o(.data)
    .data                                    0x200000ac   Section       18  lcd.o(.data)
    .data                                    0x200000be   Section        6  key.o(.data)
    .data                                    0x200000c4   Section       20  cjson.o(.data)
    global_error                             0x200000c4   Data           8  cjson.o(.data)
    global_hooks                             0x200000cc   Data          12  cjson.o(.data)
    .data                                    0x200000d8   Section        4  usart1.o(.data)
    timerMsCount                             0x200000d8   Data           4  usart1.o(.data)
    .data                                    0x200000dc   Section       16  stm32f4xx_rcc.o(.data)
    APBAHBPrescTable                         0x200000dc   Data          16  stm32f4xx_rcc.o(.data)
    .data                                    0x200000ec   Section        4  common.o(.data)
    fac_us                                   0x200000ec   Data           1  common.o(.data)
    fac_ms                                   0x200000ee   Data           2  common.o(.data)
    .data                                    0x200000f0   Section        4  stdout.o(.data)
    .data                                    0x200000f4   Section        4  mvars.o(.data)
    .data                                    0x200000f8   Section        4  mvars.o(.data)
    .bss                                     0x200000fc   Section     1024  main.o(.bss)
    .bss                                     0x200004fc   Section       15  cjson.o(.bss)
    version                                  0x200004fc   Data          15  cjson.o(.bss)
    HEAP                                     0x20000510   Section      512  startup_stm32f40_41xxx.o(HEAP)
    STACK                                    0x20000710   Section     1024  startup_stm32f40_41xxx.o(STACK)

    Global Symbols

    Symbol Name                              Value     Ov Type        Size  Object(Section)

    BuildAttributes$$THM_ISAv4$E$P$D$K$B$S$7EM$VFPi3$EXTD16$VFPS$VFMA$PE$A:L22UL41UL21$X:L11$S22US41US21$IEEE1$IW$USESV6$~STKCKD$USESV7$~SHL$OTIME$ROPI$IEEEJ$EBA8$MICROLIB$REQ8$PRES8$EABIv2 0x00000000   Number         0  anon$$obj.o ABSOLUTE
    __ARM_use_no_argv                        0x00000000   Number         0  main.o ABSOLUTE
    _printf_a                                0x00000000   Number         0  stubs.o ABSOLUTE
    _printf_c                                0x00000000   Number         0  stubs.o ABSOLUTE
    _printf_charcount                        0x00000000   Number         0  stubs.o ABSOLUTE
    _printf_d                                0x00000000   Number         0  stubs.o ABSOLUTE
    _printf_e                                0x00000000   Number         0  stubs.o ABSOLUTE
    _printf_f                                0x00000000   Number         0  stubs.o ABSOLUTE
    _printf_flags                            0x00000000   Number         0  stubs.o ABSOLUTE
    _printf_fp_dec                           0x00000000   Number         0  stubs.o ABSOLUTE
    _printf_fp_hex                           0x00000000   Number         0  stubs.o ABSOLUTE
    _printf_g                                0x00000000   Number         0  stubs.o ABSOLUTE
    _printf_i                                0x00000000   Number         0  stubs.o ABSOLUTE
    _printf_int_dec                          0x00000000   Number         0  stubs.o ABSOLUTE
    _printf_l                                0x00000000   Number         0  stubs.o ABSOLUTE
    _printf_lc                               0x00000000   Number         0  stubs.o ABSOLUTE
    _printf_ll                               0x00000000   Number         0  stubs.o ABSOLUTE
    _printf_lld                              0x00000000   Number         0  stubs.o ABSOLUTE
    _printf_lli                              0x00000000   Number         0  stubs.o ABSOLUTE
    _printf_llo                              0x00000000   Number         0  stubs.o ABSOLUTE
    _printf_llu                              0x00000000   Number         0  stubs.o ABSOLUTE
    _printf_llx                              0x00000000   Number         0  stubs.o ABSOLUTE
    _printf_longlong_dec                     0x00000000   Number         0  stubs.o ABSOLUTE
    _printf_longlong_hex                     0x00000000   Number         0  stubs.o ABSOLUTE
    _printf_longlong_oct                     0x00000000   Number         0  stubs.o ABSOLUTE
    _printf_ls                               0x00000000   Number         0  stubs.o ABSOLUTE
    _printf_mbtowc                           0x00000000   Number         0  stubs.o ABSOLUTE
    _printf_n                                0x00000000   Number         0  stubs.o ABSOLUTE
    _printf_o                                0x00000000   Number         0  stubs.o ABSOLUTE
    _printf_p                                0x00000000   Number         0  stubs.o ABSOLUTE
    _printf_percent                          0x00000000   Number         0  stubs.o ABSOLUTE
    _printf_pre_padding                      0x00000000   Number         0  stubs.o ABSOLUTE
    _printf_return_value                     0x00000000   Number         0  stubs.o ABSOLUTE
    _printf_s                                0x00000000   Number         0  stubs.o ABSOLUTE
    _printf_sizespec                         0x00000000   Number         0  stubs.o ABSOLUTE
    _printf_str                              0x00000000   Number         0  stubs.o ABSOLUTE
    _printf_truncate_signed                  0x00000000   Number         0  stubs.o ABSOLUTE
    _printf_truncate_unsigned                0x00000000   Number         0  stubs.o ABSOLUTE
    _printf_u                                0x00000000   Number         0  stubs.o ABSOLUTE
    _printf_wc                               0x00000000   Number         0  stubs.o ABSOLUTE
    _printf_wctomb                           0x00000000   Number         0  stubs.o ABSOLUTE
    _printf_widthprec                        0x00000000   Number         0  stubs.o ABSOLUTE
    _printf_x                                0x00000000   Number         0  stubs.o ABSOLUTE
    __cpp_initialize__aeabi_                  - Undefined Weak Reference
    __cxa_finalize                            - Undefined Weak Reference
    __decompress                              - Undefined Weak Reference
    _clock_init                               - Undefined Weak Reference
    _microlib_exit                            - Undefined Weak Reference
    _scanf_int                                - Undefined Weak Reference
    _scanf_longlong                           - Undefined Weak Reference
    _scanf_string                             - Undefined Weak Reference
    __Vectors_Size                           0x00000188   Number         0  startup_stm32f40_41xxx.o ABSOLUTE
    __Vectors                                0x08000000   Data           4  startup_stm32f40_41xxx.o(RESET)
    __Vectors_End                            0x08000188   Data           0  startup_stm32f40_41xxx.o(RESET)
    __main                                   0x08000189   Thumb Code     0  entry.o(.ARM.Collect$$$$00000000)
    _main_stk                                0x08000189   Thumb Code     0  entry2.o(.ARM.Collect$$$$00000001)
    _main_scatterload                        0x0800018d   Thumb Code     0  entry5.o(.ARM.Collect$$$$00000004)
    __main_after_scatterload                 0x08000191   Thumb Code     0  entry5.o(.ARM.Collect$$$$00000004)
    _main_clock                              0x08000191   Thumb Code     0  entry7b.o(.ARM.Collect$$$$00000008)
    _main_cpp_init                           0x08000191   Thumb Code     0  entry8b.o(.ARM.Collect$$$$0000000A)
    _main_init                               0x08000191   Thumb Code     0  entry9a.o(.ARM.Collect$$$$0000000B)
    __rt_final_cpp                           0x08000199   Thumb Code     0  entry10a.o(.ARM.Collect$$$$0000000D)
    __rt_final_exit                          0x08000199   Thumb Code     0  entry11a.o(.ARM.Collect$$$$0000000F)
    checkin                                  0x0800019d   Thumb Code    18  main.o(.text)
    checkout                                 0x080001af   Thumb Code    18  main.o(.text)
    check_status                             0x080001c1   Thumb Code    10  main.o(.text)
    say                                      0x080001cb   Thumb Code    18  main.o(.text)
    update1                                  0x080001dd   Thumb Code   154  main.o(.text)
    alare                                    0x08000277   Thumb Code    14  main.o(.text)
    gettime                                  0x08000285   Thumb Code    10  main.o(.text)
    str2int                                  0x0800028f   Thumb Code    40  main.o(.text)
    processMessage                           0x080002b7   Thumb Code  3234  main.o(.text)
    setup                                    0x08000f59   Thumb Code    26  main.o(.text)
    EXTI0_IRQHandler                         0x08000f73   Thumb Code    40  main.o(.text)
    EXTI1_IRQHandler                         0x08000f9b   Thumb Code    40  main.o(.text)
    EXTI3_IRQHandler                         0x08000fc3   Thumb Code    40  main.o(.text)
    EXTI4_IRQHandler                         0x08000feb   Thumb Code    40  main.o(.text)
    EXTI9_5_IRQHandler                       0x08001013   Thumb Code    40  main.o(.text)
    EXITGPIO_Init                            0x0800103b   Thumb Code    42  main.o(.text)
    EXTIX_Init                               0x08001065   Thumb Code   420  main.o(.text)
    display                                  0x08001209   Thumb Code  1440  main.o(.text)
    auto_close                               0x080017a9   Thumb Code  2390  main.o(.text)
    main                                     0x080020ff   Thumb Code  2834  main.o(.text)
    NMI_Handler                              0x08002c21   Thumb Code     2  stm32f4xx_it.o(.text)
    HardFault_Handler                        0x08002c23   Thumb Code     4  stm32f4xx_it.o(.text)
    MemManage_Handler                        0x08002c27   Thumb Code     4  stm32f4xx_it.o(.text)
    BusFault_Handler                         0x08002c2b   Thumb Code     4  stm32f4xx_it.o(.text)
    UsageFault_Handler                       0x08002c2f   Thumb Code     4  stm32f4xx_it.o(.text)
    SVC_Handler                              0x08002c33   Thumb Code     2  stm32f4xx_it.o(.text)
    DebugMon_Handler                         0x08002c35   Thumb Code     2  stm32f4xx_it.o(.text)
    PendSV_Handler                           0x08002c37   Thumb Code     2  stm32f4xx_it.o(.text)
    SysTick_Handler                          0x08002c39   Thumb Code     2  stm32f4xx_it.o(.text)
    Reset_Handler                            0x08002c3d   Thumb Code     8  startup_stm32f40_41xxx.o(.text)
    ADC_IRQHandler                           0x08002c57   Thumb Code     0  startup_stm32f40_41xxx.o(.text)
    CAN1_RX0_IRQHandler                      0x08002c57   Thumb Code     0  startup_stm32f40_41xxx.o(.text)
    CAN1_RX1_IRQHandler                      0x08002c57   Thumb Code     0  startup_stm32f40_41xxx.o(.text)
    CAN1_SCE_IRQHandler                      0x08002c57   Thumb Code     0  startup_stm32f40_41xxx.o(.text)
    CAN1_TX_IRQHandler                       0x08002c57   Thumb Code     0  startup_stm32f40_41xxx.o(.text)
    CAN2_RX0_IRQHandler                      0x08002c57   Thumb Code     0  startup_stm32f40_41xxx.o(.text)
    CAN2_RX1_IRQHandler                      0x08002c57   Thumb Code     0  startup_stm32f40_41xxx.o(.text)
    CAN2_SCE_IRQHandler                      0x08002c57   Thumb Code     0  startup_stm32f40_41xxx.o(.text)
    CAN2_TX_IRQHandler                       0x08002c57   Thumb Code     0  startup_stm32f40_41xxx.o(.text)
    CRYP_IRQHandler                          0x08002c57   Thumb Code     0  startup_stm32f40_41xxx.o(.text)
    DCMI_IRQHandler                          0x08002c57   Thumb Code     0  startup_stm32f40_41xxx.o(.text)
    DMA1_Stream0_IRQHandler                  0x08002c57   Thumb Code     0  startup_stm32f40_41xxx.o(.text)
    DMA1_Stream1_IRQHandler                  0x08002c57   Thumb Code     0  startup_stm32f40_41xxx.o(.text)
    DMA1_Stream2_IRQHandler                  0x08002c57   Thumb Code     0  startup_stm32f40_41xxx.o(.text)
    DMA1_Stream3_IRQHandler                  0x08002c57   Thumb Code     0  startup_stm32f40_41xxx.o(.text)
    DMA1_Stream4_IRQHandler                  0x08002c57   Thumb Code     0  startup_stm32f40_41xxx.o(.text)
    DMA1_Stream5_IRQHandler                  0x08002c57   Thumb Code     0  startup_stm32f40_41xxx.o(.text)
    DMA1_Stream6_IRQHandler                  0x08002c57   Thumb Code     0  startup_stm32f40_41xxx.o(.text)
    DMA1_Stream7_IRQHandler                  0x08002c57   Thumb Code     0  startup_stm32f40_41xxx.o(.text)
    DMA2_Stream0_IRQHandler                  0x08002c57   Thumb Code     0  startup_stm32f40_41xxx.o(.text)
    DMA2_Stream1_IRQHandler                  0x08002c57   Thumb Code     0  startup_stm32f40_41xxx.o(.text)
    DMA2_Stream2_IRQHandler                  0x08002c57   Thumb Code     0  startup_stm32f40_41xxx.o(.text)
    DMA2_Stream3_IRQHandler                  0x08002c57   Thumb Code     0  startup_stm32f40_41xxx.o(.text)
    DMA2_Stream4_IRQHandler                  0x08002c57   Thumb Code     0  startup_stm32f40_41xxx.o(.text)
    DMA2_Stream5_IRQHandler                  0x08002c57   Thumb Code     0  startup_stm32f40_41xxx.o(.text)
    DMA2_Stream6_IRQHandler                  0x08002c57   Thumb Code     0  startup_stm32f40_41xxx.o(.text)
    DMA2_Stream7_IRQHandler                  0x08002c57   Thumb Code     0  startup_stm32f40_41xxx.o(.text)
    ETH_IRQHandler                           0x08002c57   Thumb Code     0  startup_stm32f40_41xxx.o(.text)
    ETH_WKUP_IRQHandler                      0x08002c57   Thumb Code     0  startup_stm32f40_41xxx.o(.text)
    EXTI15_10_IRQHandler                     0x08002c57   Thumb Code     0  startup_stm32f40_41xxx.o(.text)
    EXTI2_IRQHandler                         0x08002c57   Thumb Code     0  startup_stm32f40_41xxx.o(.text)
    FLASH_IRQHandler                         0x08002c57   Thumb Code     0  startup_stm32f40_41xxx.o(.text)
    FPU_IRQHandler                           0x08002c57   Thumb Code     0  startup_stm32f40_41xxx.o(.text)
    FSMC_IRQHandler                          0x08002c57   Thumb Code     0  startup_stm32f40_41xxx.o(.text)
    HASH_RNG_IRQHandler                      0x08002c57   Thumb Code     0  startup_stm32f40_41xxx.o(.text)
    I2C1_ER_IRQHandler                       0x08002c57   Thumb Code     0  startup_stm32f40_41xxx.o(.text)
    I2C1_EV_IRQHandler                       0x08002c57   Thumb Code     0  startup_stm32f40_41xxx.o(.text)
    I2C2_ER_IRQHandler                       0x08002c57   Thumb Code     0  startup_stm32f40_41xxx.o(.text)
    I2C2_EV_IRQHandler                       0x08002c57   Thumb Code     0  startup_stm32f40_41xxx.o(.text)
    I2C3_ER_IRQHandler                       0x08002c57   Thumb Code     0  startup_stm32f40_41xxx.o(.text)
    I2C3_EV_IRQHandler                       0x08002c57   Thumb Code     0  startup_stm32f40_41xxx.o(.text)
    OTG_FS_IRQHandler                        0x08002c57   Thumb Code     0  startup_stm32f40_41xxx.o(.text)
    OTG_FS_WKUP_IRQHandler                   0x08002c57   Thumb Code     0  startup_stm32f40_41xxx.o(.text)
    OTG_HS_EP1_IN_IRQHandler                 0x08002c57   Thumb Code     0  startup_stm32f40_41xxx.o(.text)
    OTG_HS_EP1_OUT_IRQHandler                0x08002c57   Thumb Code     0  startup_stm32f40_41xxx.o(.text)
    OTG_HS_IRQHandler                        0x08002c57   Thumb Code     0  startup_stm32f40_41xxx.o(.text)
    OTG_HS_WKUP_IRQHandler                   0x08002c57   Thumb Code     0  startup_stm32f40_41xxx.o(.text)
    PVD_IRQHandler                           0x08002c57   Thumb Code     0  startup_stm32f40_41xxx.o(.text)
    RCC_IRQHandler                           0x08002c57   Thumb Code     0  startup_stm32f40_41xxx.o(.text)
    RTC_Alarm_IRQHandler                     0x08002c57   Thumb Code     0  startup_stm32f40_41xxx.o(.text)
    RTC_WKUP_IRQHandler                      0x08002c57   Thumb Code     0  startup_stm32f40_41xxx.o(.text)
    SDIO_IRQHandler                          0x08002c57   Thumb Code     0  startup_stm32f40_41xxx.o(.text)
    SPI1_IRQHandler                          0x08002c57   Thumb Code     0  startup_stm32f40_41xxx.o(.text)
    SPI2_IRQHandler                          0x08002c57   Thumb Code     0  startup_stm32f40_41xxx.o(.text)
    SPI3_IRQHandler                          0x08002c57   Thumb Code     0  startup_stm32f40_41xxx.o(.text)
    TAMP_STAMP_IRQHandler                    0x08002c57   Thumb Code     0  startup_stm32f40_41xxx.o(.text)
    TIM1_BRK_TIM9_IRQHandler                 0x08002c57   Thumb Code     0  startup_stm32f40_41xxx.o(.text)
    TIM1_CC_IRQHandler                       0x08002c57   Thumb Code     0  startup_stm32f40_41xxx.o(.text)
    TIM1_TRG_COM_TIM11_IRQHandler            0x08002c57   Thumb Code     0  startup_stm32f40_41xxx.o(.text)
    TIM1_UP_TIM10_IRQHandler                 0x08002c57   Thumb Code     0  startup_stm32f40_41xxx.o(.text)
    TIM3_IRQHandler                          0x08002c57   Thumb Code     0  startup_stm32f40_41xxx.o(.text)
    TIM4_IRQHandler                          0x08002c57   Thumb Code     0  startup_stm32f40_41xxx.o(.text)
    TIM5_IRQHandler                          0x08002c57   Thumb Code     0  startup_stm32f40_41xxx.o(.text)
    TIM6_DAC_IRQHandler                      0x08002c57   Thumb Code     0  startup_stm32f40_41xxx.o(.text)
    TIM7_IRQHandler                          0x08002c57   Thumb Code     0  startup_stm32f40_41xxx.o(.text)
    TIM8_BRK_TIM12_IRQHandler                0x08002c57   Thumb Code     0  startup_stm32f40_41xxx.o(.text)
    TIM8_CC_IRQHandler                       0x08002c57   Thumb Code     0  startup_stm32f40_41xxx.o(.text)
    TIM8_TRG_COM_TIM14_IRQHandler            0x08002c57   Thumb Code     0  startup_stm32f40_41xxx.o(.text)
    TIM8_UP_TIM13_IRQHandler                 0x08002c57   Thumb Code     0  startup_stm32f40_41xxx.o(.text)
    UART5_IRQHandler                         0x08002c57   Thumb Code     0  startup_stm32f40_41xxx.o(.text)
    USART1_IRQHandler                        0x08002c57   Thumb Code     0  startup_stm32f40_41xxx.o(.text)
    USART2_IRQHandler                        0x08002c57   Thumb Code     0  startup_stm32f40_41xxx.o(.text)
    USART3_IRQHandler                        0x08002c57   Thumb Code     0  startup_stm32f40_41xxx.o(.text)
    USART6_IRQHandler                        0x08002c57   Thumb Code     0  startup_stm32f40_41xxx.o(.text)
    WWDG_IRQHandler                          0x08002c57   Thumb Code     0  startup_stm32f40_41xxx.o(.text)
    SystemInit                               0x08002d3d   Thumb Code    88  system_stm32f4xx.o(.text)
    SystemCoreClockUpdate                    0x08002d95   Thumb Code   174  system_stm32f4xx.o(.text)
    LCD_WriteReg                             0x08002e71   Thumb Code    10  lcd.o(.text)
    LCD_ReadReg                              0x08002e7b   Thumb Code    22  lcd.o(.text)
    lcdm_delay                               0x08002e91   Thumb Code    14  lcd.o(.text)
    LCD_WriteGRAM                            0x08002e9f   Thumb Code    10  lcd.o(.text)
    LCD_DisplayOn                            0x08002ea9   Thumb Code     8  lcd.o(.text)
    LCD_DisplayOff                           0x08002eb1   Thumb Code     8  lcd.o(.text)
    LCD_Open_Window                          0x08002eb9   Thumb Code   166  lcd.o(.text)
    Set_Scan_Direction                       0x08002f5f   Thumb Code   204  lcd.o(.text)
    Set_Display_Mode                         0x0800302b   Thumb Code   214  lcd.o(.text)
    LCD_SetCursor                            0x08003101   Thumb Code   186  lcd.o(.text)
    LCD_GetPoint                             0x080031bb   Thumb Code   116  lcd.o(.text)
    LCD_DrawPoint                            0x0800322f   Thumb Code    66  lcd.o(.text)
    LCD_Color_DrawPoint                      0x08003271   Thumb Code    30  lcd.o(.text)
    Ssd1963_Set_BackLight                    0x0800328f   Thumb Code    32  lcd.o(.text)
    LCD_Clear                                0x080032af   Thumb Code    50  lcd.o(.text)
    LCD_FSMC_Config                          0x080032e1   Thumb Code   530  lcd.o(.text)
    ILI9341_Read_id                          0x080034f3   Thumb Code    30  lcd.o(.text)
    LCD_Init                                 0x08003511   Thumb Code   988  lcd.o(.text)
    LCD_Fill_onecolor                        0x080038ed   Thumb Code    82  lcd.o(.text)
    LCD_Draw_Picture                         0x0800393f   Thumb Code    94  lcd.o(.text)
    LCD_DisplayChar                          0x0800399d   Thumb Code   206  lcd.o(.text)
    LCD_DisplayString                        0x08003a6b   Thumb Code    64  lcd.o(.text)
    LCD_DisplayString_color                  0x08003aab   Thumb Code    68  lcd.o(.text)
    Counter_Power                            0x08003aef   Thumb Code    22  lcd.o(.text)
    LCD_DisplayNum                           0x08003b05   Thumb Code   250  lcd.o(.text)
    LCD_DisplayNum_color                     0x08003bff   Thumb Code    78  lcd.o(.text)
    LCD_Show_CH_Font16                       0x08003c4d   Thumb Code   118  lcd.o(.text)
    LCD_Show_CH_Font24                       0x08003cc3   Thumb Code   122  lcd.o(.text)
    LED_Init                                 0x08003d4d   Thumb Code    80  led.o(.text)
    KEY_Init                                 0x08003da5   Thumb Code   180  key.o(.text)
    key_scan                                 0x08003e59   Thumb Code   212  key.o(.text)
    cJSON_GetErrorPtr                        0x08003f59   Thumb Code    12  cjson.o(.text)
    cJSON_Version                            0x08003f65   Thumb Code    22  cjson.o(.text)
    cJSON_InitHooks                          0x08003ff9   Thumb Code    82  cjson.o(.text)
    cJSON_Delete                             0x08004065   Thumb Code    84  cjson.o(.text)
    cJSON_SetNumberHelper                    0x08004203   Thumb Code    96  cjson.o(.text)
    cJSON_ParseWithOpts                      0x08004c91   Thumb Code   230  cjson.o(.text)
    cJSON_Parse                              0x08004d77   Thumb Code    16  cjson.o(.text)
    cJSON_Print                              0x0800515f   Thumb Code    16  cjson.o(.text)
    cJSON_PrintUnformatted                   0x0800516f   Thumb Code    16  cjson.o(.text)
    cJSON_PrintBuffered                      0x0800517f   Thumb Code    82  cjson.o(.text)
    cJSON_PrintPreallocated                  0x080051d1   Thumb Code    62  cjson.o(.text)
    cJSON_GetArraySize                       0x0800520f   Thumb Code    18  cjson.o(.text)
    cJSON_GetArrayItem                       0x0800523f   Thumb Code    24  cjson.o(.text)
    cJSON_GetObjectItem                      0x0800529b   Thumb Code    18  cjson.o(.text)
    cJSON_GetObjectItemCaseSensitive         0x080052ad   Thumb Code    18  cjson.o(.text)
    cJSON_HasObjectItem                      0x080052bf   Thumb Code    24  cjson.o(.text)
    cJSON_AddItemToArray                     0x08005311   Thumb Code    44  cjson.o(.text)
    cJSON_AddItemToObjectCS                  0x0800533d   Thumb Code    54  cjson.o(.text)
    cJSON_AddItemToObject                    0x08005373   Thumb Code    42  cjson.o(.text)
    cJSON_AddItemReferenceToArray            0x0800539d   Thumb Code    26  cjson.o(.text)
    cJSON_AddItemReferenceToObject           0x080053b7   Thumb Code    34  cjson.o(.text)
    cJSON_DetachItemViaPointer               0x080053d9   Thumb Code    50  cjson.o(.text)
    cJSON_DetachItemFromArray                0x0800540b   Thumb Code    34  cjson.o(.text)
    cJSON_DeleteItemFromArray                0x0800542d   Thumb Code    22  cjson.o(.text)
    cJSON_DetachItemFromObject               0x08005443   Thumb Code    26  cjson.o(.text)
    cJSON_DetachItemFromObjectCaseSensitive  0x0800545d   Thumb Code    26  cjson.o(.text)
    cJSON_DeleteItemFromObject               0x08005477   Thumb Code    22  cjson.o(.text)
    cJSON_DeleteItemFromObjectCaseSensitive  0x0800548d   Thumb Code    22  cjson.o(.text)
    cJSON_InsertItemInArray                  0x080054a3   Thumb Code    68  cjson.o(.text)
    cJSON_ReplaceItemViaPointer              0x080054e7   Thumb Code    72  cjson.o(.text)
    cJSON_ReplaceItemInArray                 0x0800552f   Thumb Code    46  cjson.o(.text)
    cJSON_free                               0x0800555d   Thumb Code    14  cjson.o(.text)
    cJSON_ReplaceItemInObject                0x080055bd   Thumb Code    22  cjson.o(.text)
    cJSON_ReplaceItemInObjectCaseSensitive   0x080055d3   Thumb Code    22  cjson.o(.text)
    cJSON_CreateNull                         0x080055e9   Thumb Code    20  cjson.o(.text)
    cJSON_CreateTrue                         0x080055fd   Thumb Code    20  cjson.o(.text)
    cJSON_CreateFalse                        0x08005611   Thumb Code    20  cjson.o(.text)
    cJSON_CreateBool                         0x08005625   Thumb Code    28  cjson.o(.text)
    cJSON_CreateNumber                       0x08005641   Thumb Code   102  cjson.o(.text)
    cJSON_CreateString                       0x080056a7   Thumb Code    46  cjson.o(.text)
    cJSON_CreateRaw                          0x080056d5   Thumb Code    46  cjson.o(.text)
    cJSON_CreateArray                        0x08005703   Thumb Code    20  cjson.o(.text)
    cJSON_CreateObject                       0x08005717   Thumb Code    20  cjson.o(.text)
    cJSON_CreateIntArray                     0x0800572b   Thumb Code   110  cjson.o(.text)
    cJSON_CreateFloatArray                   0x08005799   Thumb Code   120  cjson.o(.text)
    cJSON_CreateDoubleArray                  0x08005811   Thumb Code    98  cjson.o(.text)
    cJSON_CreateStringArray                  0x08005873   Thumb Code    86  cjson.o(.text)
    cJSON_Duplicate                          0x080058c9   Thumb Code   198  cjson.o(.text)
    cJSON_Minify                             0x0800598f   Thumb Code   186  cjson.o(.text)
    cJSON_IsInvalid                          0x08005a49   Thumb Code    20  cjson.o(.text)
    cJSON_IsFalse                            0x08005a5d   Thumb Code    20  cjson.o(.text)
    cJSON_IsTrue                             0x08005a71   Thumb Code    22  cjson.o(.text)
    cJSON_IsBool                             0x08005a87   Thumb Code    24  cjson.o(.text)
    cJSON_IsNull                             0x08005a9f   Thumb Code    22  cjson.o(.text)
    cJSON_IsNumber                           0x08005ab5   Thumb Code    22  cjson.o(.text)
    cJSON_IsString                           0x08005acb   Thumb Code    22  cjson.o(.text)
    cJSON_IsArray                            0x08005ae1   Thumb Code    22  cjson.o(.text)
    cJSON_IsObject                           0x08005af7   Thumb Code    22  cjson.o(.text)
    cJSON_IsRaw                              0x08005b0d   Thumb Code    22  cjson.o(.text)
    cJSON_Compare                            0x08005b23   Thumb Code   330  cjson.o(.text)
    cJSON_malloc                             0x08005c6d   Thumb Code    14  cjson.o(.text)
    uart4_init                               0x08005c81   Thumb Code   190  usart1.o(.text)
    ESP8266_init                             0x08005d3f   Thumb Code    56  usart1.o(.text)
    UART4SendByte                            0x08005d77   Thumb Code    28  usart1.o(.text)
    UART4GetByte                             0x08005d93   Thumb Code    30  usart1.o(.text)
    UART4Test                                0x08005db1   Thumb Code    32  usart1.o(.text)
    fputc                                    0x08005dd1   Thumb Code    32  usart1.o(.text)
    UART4_IRQHandler                         0x08005df1   Thumb Code    74  usart1.o(.text)
    TIM2_Init                                0x08005e3b   Thumb Code    90  usart1.o(.text)
    TimerMs                                  0x08005e95   Thumb Code    12  usart1.o(.text)
    GetTimerCount                            0x08005ea1   Thumb Code     6  usart1.o(.text)
    TIM2_IRQHandler                          0x08005ea7   Thumb Code    28  usart1.o(.text)
    IIC_Stop                                 0x08005ee1   Thumb Code    36  24c02.o(.text)
    IIC_Init                                 0x08005f05   Thumb Code    52  24c02.o(.text)
    IIC_Start                                0x08005f39   Thumb Code    42  24c02.o(.text)
    MCU_Wait_Ack                             0x08005f63   Thumb Code    60  24c02.o(.text)
    MCU_Send_Ack                             0x08005f9f   Thumb Code    52  24c02.o(.text)
    MCU_NOAck                                0x08005fd3   Thumb Code    44  24c02.o(.text)
    IIC_write_OneByte                        0x08005fff   Thumb Code    70  24c02.o(.text)
    IIC_Read_OneByte                         0x08006045   Thumb Code    82  24c02.o(.text)
    AT24C02_Init                             0x08006097   Thumb Code     8  24c02.o(.text)
    AT24C02_ReadByte                         0x0800609f   Thumb Code    60  24c02.o(.text)
    AT24C02_WriteByte                        0x080060db   Thumb Code    52  24c02.o(.text)
    AT24C02_Test                             0x0800610f   Thumb Code    46  24c02.o(.text)
    AT24C02_Read                             0x0800613d   Thumb Code    36  24c02.o(.text)
    AT24C02_Write                            0x08006161   Thumb Code    36  24c02.o(.text)
    NVIC_PriorityGroupConfig                 0x08006191   Thumb Code    10  misc.o(.text)
    NVIC_Init                                0x0800619b   Thumb Code   106  misc.o(.text)
    NVIC_SetVectorTable                      0x08006205   Thumb Code    14  misc.o(.text)
    NVIC_SystemLPConfig                      0x08006213   Thumb Code    34  misc.o(.text)
    SysTick_CLKSourceConfig                  0x08006235   Thumb Code    40  misc.o(.text)
    FSMC_NORSRAMDeInit                       0x08006271   Thumb Code    54  stm32f4xx_fsmc.o(.text)
    FSMC_NORSRAMInit                         0x080062a7   Thumb Code   230  stm32f4xx_fsmc.o(.text)
    FSMC_NORSRAMStructInit                   0x0800638d   Thumb Code    48  stm32f4xx_fsmc.o(.text)
    FSMC_NORSRAMCmd                          0x080063bd   Thumb Code    46  stm32f4xx_fsmc.o(.text)
    FSMC_NANDDeInit                          0x080063eb   Thumb Code    62  stm32f4xx_fsmc.o(.text)
    FSMC_NANDInit                            0x08006429   Thumb Code   132  stm32f4xx_fsmc.o(.text)
    FSMC_NANDStructInit                      0x080064ad   Thumb Code    54  stm32f4xx_fsmc.o(.text)
    FSMC_NANDCmd                             0x080064e3   Thumb Code    86  stm32f4xx_fsmc.o(.text)
    FSMC_NANDECCCmd                          0x08006539   Thumb Code    86  stm32f4xx_fsmc.o(.text)
    FSMC_GetECC                              0x0800658f   Thumb Code    24  stm32f4xx_fsmc.o(.text)
    FSMC_PCCARDDeInit                        0x080065a7   Thumb Code    36  stm32f4xx_fsmc.o(.text)
    FSMC_PCCARDInit                          0x080065cb   Thumb Code   130  stm32f4xx_fsmc.o(.text)
    FSMC_PCCARDStructInit                    0x0800664d   Thumb Code    60  stm32f4xx_fsmc.o(.text)
    FSMC_PCCARDCmd                           0x08006689   Thumb Code    44  stm32f4xx_fsmc.o(.text)
    FSMC_ITConfig                            0x080066b5   Thumb Code   128  stm32f4xx_fsmc.o(.text)
    FSMC_GetFlagStatus                       0x08006735   Thumb Code    54  stm32f4xx_fsmc.o(.text)
    FSMC_ClearFlag                           0x0800676b   Thumb Code    74  stm32f4xx_fsmc.o(.text)
    FSMC_GetITStatus                         0x080067b5   Thumb Code    62  stm32f4xx_fsmc.o(.text)
    FSMC_ClearITPendingBit                   0x080067f3   Thumb Code    66  stm32f4xx_fsmc.o(.text)
    GPIO_DeInit                              0x08006839   Thumb Code   268  stm32f4xx_gpio.o(.text)
    GPIO_Init                                0x08006945   Thumb Code   144  stm32f4xx_gpio.o(.text)
    GPIO_StructInit                          0x080069d5   Thumb Code    18  stm32f4xx_gpio.o(.text)
    GPIO_PinLockConfig                       0x080069e7   Thumb Code    34  stm32f4xx_gpio.o(.text)
    GPIO_ReadInputDataBit                    0x08006a09   Thumb Code    18  stm32f4xx_gpio.o(.text)
    GPIO_ReadInputData                       0x08006a1b   Thumb Code     8  stm32f4xx_gpio.o(.text)
    GPIO_ReadOutputDataBit                   0x08006a23   Thumb Code    18  stm32f4xx_gpio.o(.text)
    GPIO_ReadOutputData                      0x08006a35   Thumb Code     8  stm32f4xx_gpio.o(.text)
    GPIO_SetBits                             0x08006a3d   Thumb Code     4  stm32f4xx_gpio.o(.text)
    GPIO_ResetBits                           0x08006a41   Thumb Code     4  stm32f4xx_gpio.o(.text)
    GPIO_WriteBit                            0x08006a45   Thumb Code    10  stm32f4xx_gpio.o(.text)
    GPIO_Write                               0x08006a4f   Thumb Code     4  stm32f4xx_gpio.o(.text)
    GPIO_ToggleBits                          0x08006a53   Thumb Code     8  stm32f4xx_gpio.o(.text)
    GPIO_PinAFConfig                         0x08006a5b   Thumb Code    70  stm32f4xx_gpio.o(.text)
    RCC_DeInit                               0x08006acd   Thumb Code    82  stm32f4xx_rcc.o(.text)
    RCC_HSEConfig                            0x08006b1f   Thumb Code    14  stm32f4xx_rcc.o(.text)
    RCC_GetFlagStatus                        0x08006b2d   Thumb Code    60  stm32f4xx_rcc.o(.text)
    RCC_WaitForHSEStartUp                    0x08006b69   Thumb Code    56  stm32f4xx_rcc.o(.text)
    RCC_AdjustHSICalibrationValue            0x08006ba1   Thumb Code    20  stm32f4xx_rcc.o(.text)
    RCC_HSICmd                               0x08006bb5   Thumb Code     6  stm32f4xx_rcc.o(.text)
    RCC_LSEConfig                            0x08006bbb   Thumb Code    46  stm32f4xx_rcc.o(.text)
    RCC_LSICmd                               0x08006be9   Thumb Code     6  stm32f4xx_rcc.o(.text)
    RCC_PLLConfig                            0x08006bef   Thumb Code    32  stm32f4xx_rcc.o(.text)
    RCC_PLLCmd                               0x08006c0f   Thumb Code     6  stm32f4xx_rcc.o(.text)
    RCC_PLLI2SConfig                         0x08006c15   Thumb Code    14  stm32f4xx_rcc.o(.text)
    RCC_PLLI2SCmd                            0x08006c23   Thumb Code     6  stm32f4xx_rcc.o(.text)
    RCC_PLLSAIConfig                         0x08006c29   Thumb Code    20  stm32f4xx_rcc.o(.text)
    RCC_PLLSAICmd                            0x08006c3d   Thumb Code     6  stm32f4xx_rcc.o(.text)
    RCC_ClockSecuritySystemCmd               0x08006c43   Thumb Code     6  stm32f4xx_rcc.o(.text)
    RCC_MCO1Config                           0x08006c49   Thumb Code    28  stm32f4xx_rcc.o(.text)
    RCC_MCO2Config                           0x08006c65   Thumb Code    28  stm32f4xx_rcc.o(.text)
    RCC_SYSCLKConfig                         0x08006c81   Thumb Code    20  stm32f4xx_rcc.o(.text)
    RCC_GetSYSCLKSource                      0x08006c95   Thumb Code    12  stm32f4xx_rcc.o(.text)
    RCC_HCLKConfig                           0x08006ca1   Thumb Code    20  stm32f4xx_rcc.o(.text)
    RCC_PCLK1Config                          0x08006cb5   Thumb Code    20  stm32f4xx_rcc.o(.text)
    RCC_PCLK2Config                          0x08006cc9   Thumb Code    22  stm32f4xx_rcc.o(.text)
    RCC_GetClocksFreq                        0x08006cdf   Thumb Code   222  stm32f4xx_rcc.o(.text)
    RCC_RTCCLKConfig                         0x08006dbd   Thumb Code    54  stm32f4xx_rcc.o(.text)
    RCC_RTCCLKCmd                            0x08006df3   Thumb Code     8  stm32f4xx_rcc.o(.text)
    RCC_BackupResetCmd                       0x08006dfb   Thumb Code     8  stm32f4xx_rcc.o(.text)
    RCC_I2SCLKConfig                         0x08006e03   Thumb Code     6  stm32f4xx_rcc.o(.text)
    RCC_SAIPLLI2SClkDivConfig                0x08006e09   Thumb Code    26  stm32f4xx_rcc.o(.text)
    RCC_SAIPLLSAIClkDivConfig                0x08006e23   Thumb Code    28  stm32f4xx_rcc.o(.text)
    RCC_SAIBlockACLKConfig                   0x08006e3f   Thumb Code    20  stm32f4xx_rcc.o(.text)
    RCC_SAIBlockBCLKConfig                   0x08006e53   Thumb Code    20  stm32f4xx_rcc.o(.text)
    RCC_LTDCCLKDivConfig                     0x08006e67   Thumb Code    20  stm32f4xx_rcc.o(.text)
    RCC_TIMCLKPresConfig                     0x08006e7b   Thumb Code     6  stm32f4xx_rcc.o(.text)
    RCC_AHB1PeriphClockCmd                   0x08006e81   Thumb Code    34  stm32f4xx_rcc.o(.text)
    RCC_AHB2PeriphClockCmd                   0x08006ea3   Thumb Code    78  stm32f4xx_rcc.o(.text)
    RCC_AHB3PeriphClockCmd                   0x08006ef1   Thumb Code    34  stm32f4xx_rcc.o(.text)
    RCC_APB1PeriphClockCmd                   0x08006f13   Thumb Code    34  stm32f4xx_rcc.o(.text)
    RCC_APB2PeriphClockCmd                   0x08006f35   Thumb Code    34  stm32f4xx_rcc.o(.text)
    RCC_AHB1PeriphResetCmd                   0x08006f57   Thumb Code    34  stm32f4xx_rcc.o(.text)
    RCC_AHB2PeriphResetCmd                   0x08006f79   Thumb Code    34  stm32f4xx_rcc.o(.text)
    RCC_AHB3PeriphResetCmd                   0x08006f9b   Thumb Code    34  stm32f4xx_rcc.o(.text)
    RCC_APB1PeriphResetCmd                   0x08006fbd   Thumb Code    34  stm32f4xx_rcc.o(.text)
    RCC_APB2PeriphResetCmd                   0x08006fdf   Thumb Code    34  stm32f4xx_rcc.o(.text)
    RCC_AHB1PeriphClockLPModeCmd             0x08007001   Thumb Code    34  stm32f4xx_rcc.o(.text)
    RCC_AHB2PeriphClockLPModeCmd             0x08007023   Thumb Code    34  stm32f4xx_rcc.o(.text)
    RCC_AHB3PeriphClockLPModeCmd             0x08007045   Thumb Code    34  stm32f4xx_rcc.o(.text)
    RCC_APB1PeriphClockLPModeCmd             0x08007067   Thumb Code    34  stm32f4xx_rcc.o(.text)
    RCC_APB2PeriphClockLPModeCmd             0x08007089   Thumb Code    34  stm32f4xx_rcc.o(.text)
    RCC_LSEModeConfig                        0x080070ab   Thumb Code    40  stm32f4xx_rcc.o(.text)
    RCC_ITConfig                             0x080070d3   Thumb Code    34  stm32f4xx_rcc.o(.text)
    RCC_ClearFlag                            0x080070f5   Thumb Code    18  stm32f4xx_rcc.o(.text)
    RCC_GetITStatus                          0x08007107   Thumb Code    22  stm32f4xx_rcc.o(.text)
    RCC_ClearITPendingBit                    0x0800711d   Thumb Code     8  stm32f4xx_rcc.o(.text)
    USART_DeInit                             0x08007129   Thumb Code   206  stm32f4xx_usart.o(.text)
    USART_Init                               0x080071f7   Thumb Code   204  stm32f4xx_usart.o(.text)
    USART_StructInit                         0x080072c3   Thumb Code    24  stm32f4xx_usart.o(.text)
    USART_ClockInit                          0x080072db   Thumb Code    32  stm32f4xx_usart.o(.text)
    USART_ClockStructInit                    0x080072fb   Thumb Code    12  stm32f4xx_usart.o(.text)
    USART_Cmd                                0x08007307   Thumb Code    24  stm32f4xx_usart.o(.text)
    USART_SetPrescaler                       0x0800731f   Thumb Code    16  stm32f4xx_usart.o(.text)
    USART_OverSampling8Cmd                   0x0800732f   Thumb Code    22  stm32f4xx_usart.o(.text)
    USART_OneBitMethodCmd                    0x08007345   Thumb Code    24  stm32f4xx_usart.o(.text)
    USART_SendData                           0x0800735d   Thumb Code     8  stm32f4xx_usart.o(.text)
    USART_ReceiveData                        0x08007365   Thumb Code    10  stm32f4xx_usart.o(.text)
    USART_SetAddress                         0x0800736f   Thumb Code    18  stm32f4xx_usart.o(.text)
    USART_ReceiverWakeUpCmd                  0x08007381   Thumb Code    24  stm32f4xx_usart.o(.text)
    USART_WakeUpConfig                       0x08007399   Thumb Code    18  stm32f4xx_usart.o(.text)
    USART_LINBreakDetectLengthConfig         0x080073ab   Thumb Code    18  stm32f4xx_usart.o(.text)
    USART_LINCmd                             0x080073bd   Thumb Code    24  stm32f4xx_usart.o(.text)
    USART_SendBreak                          0x080073d5   Thumb Code    10  stm32f4xx_usart.o(.text)
    USART_HalfDuplexCmd                      0x080073df   Thumb Code    24  stm32f4xx_usart.o(.text)
    USART_SetGuardTime                       0x080073f7   Thumb Code    16  stm32f4xx_usart.o(.text)
    USART_SmartCardCmd                       0x08007407   Thumb Code    24  stm32f4xx_usart.o(.text)
    USART_SmartCardNACKCmd                   0x0800741f   Thumb Code    24  stm32f4xx_usart.o(.text)
    USART_IrDAConfig                         0x08007437   Thumb Code    18  stm32f4xx_usart.o(.text)
    USART_IrDACmd                            0x08007449   Thumb Code    24  stm32f4xx_usart.o(.text)
    USART_DMACmd                             0x08007461   Thumb Code    18  stm32f4xx_usart.o(.text)
    USART_ITConfig                           0x08007473   Thumb Code    74  stm32f4xx_usart.o(.text)
    USART_GetFlagStatus                      0x080074bd   Thumb Code    26  stm32f4xx_usart.o(.text)
    USART_ClearFlag                          0x080074d7   Thumb Code    18  stm32f4xx_usart.o(.text)
    USART_GetITStatus                        0x080074e9   Thumb Code   118  stm32f4xx_usart.o(.text)
    USART_ClearITPendingBit                  0x0800755f   Thumb Code    30  stm32f4xx_usart.o(.text)
    EXTI_DeInit                              0x0800757d   Thumb Code    28  stm32f4xx_exti.o(.text)
    EXTI_Init                                0x08007599   Thumb Code   142  stm32f4xx_exti.o(.text)
    EXTI_StructInit                          0x08007627   Thumb Code    16  stm32f4xx_exti.o(.text)
    EXTI_GenerateSWInterrupt                 0x08007637   Thumb Code    16  stm32f4xx_exti.o(.text)
    EXTI_GetFlagStatus                       0x08007647   Thumb Code    22  stm32f4xx_exti.o(.text)
    EXTI_ClearFlag                           0x0800765d   Thumb Code     8  stm32f4xx_exti.o(.text)
    EXTI_GetITStatus                         0x08007665   Thumb Code    22  stm32f4xx_exti.o(.text)
    EXTI_ClearITPendingBit                   0x0800767b   Thumb Code     8  stm32f4xx_exti.o(.text)
    TIM_DeInit                               0x0800768d   Thumb Code   346  stm32f4xx_tim.o(.text)
    TIM_TimeBaseInit                         0x080077e7   Thumb Code   104  stm32f4xx_tim.o(.text)
    TIM_TimeBaseStructInit                   0x0800784f   Thumb Code    18  stm32f4xx_tim.o(.text)
    TIM_PrescalerConfig                      0x08007861   Thumb Code     6  stm32f4xx_tim.o(.text)
    TIM_CounterModeConfig                    0x08007867   Thumb Code    18  stm32f4xx_tim.o(.text)
    TIM_SetCounter                           0x08007879   Thumb Code     4  stm32f4xx_tim.o(.text)
    TIM_SetAutoreload                        0x0800787d   Thumb Code     4  stm32f4xx_tim.o(.text)
    TIM_GetCounter                           0x08007881   Thumb Code     6  stm32f4xx_tim.o(.text)
    TIM_GetPrescaler                         0x08007887   Thumb Code     6  stm32f4xx_tim.o(.text)
    TIM_UpdateDisableConfig                  0x0800788d   Thumb Code    24  stm32f4xx_tim.o(.text)
    TIM_UpdateRequestConfig                  0x080078a5   Thumb Code    24  stm32f4xx_tim.o(.text)
    TIM_ARRPreloadConfig                     0x080078bd   Thumb Code    24  stm32f4xx_tim.o(.text)
    TIM_SelectOnePulseMode                   0x080078d5   Thumb Code    18  stm32f4xx_tim.o(.text)
    TIM_SetClockDivision                     0x080078e7   Thumb Code    18  stm32f4xx_tim.o(.text)
    TIM_Cmd                                  0x080078f9   Thumb Code    24  stm32f4xx_tim.o(.text)
    TIM_OC1Init                              0x08007911   Thumb Code   114  stm32f4xx_tim.o(.text)
    TIM_OC2Init                              0x08007983   Thumb Code   154  stm32f4xx_tim.o(.text)
    TIM_OC3Init                              0x08007a1d   Thumb Code   204  stm32f4xx_tim.o(.text)
    TIM_OC4Init                              0x08007ae9   Thumb Code   112  stm32f4xx_tim.o(.text)
    TIM_OCStructInit                         0x08007b59   Thumb Code    20  stm32f4xx_tim.o(.text)
    TIM_SelectOCxM                           0x08007b6d   Thumb Code    86  stm32f4xx_tim.o(.text)
    TIM_SetCompare1                          0x08007bc3   Thumb Code     4  stm32f4xx_tim.o(.text)
    TIM_SetCompare2                          0x08007bc7   Thumb Code     4  stm32f4xx_tim.o(.text)
    TIM_SetCompare3                          0x08007bcb   Thumb Code     4  stm32f4xx_tim.o(.text)
    TIM_SetCompare4                          0x08007bcf   Thumb Code     4  stm32f4xx_tim.o(.text)
    TIM_ForcedOC1Config                      0x08007bd3   Thumb Code    18  stm32f4xx_tim.o(.text)
    TIM_ForcedOC2Config                      0x08007be5   Thumb Code    26  stm32f4xx_tim.o(.text)
    TIM_ForcedOC3Config                      0x08007bff   Thumb Code    18  stm32f4xx_tim.o(.text)
    TIM_ForcedOC4Config                      0x08007c11   Thumb Code    26  stm32f4xx_tim.o(.text)
    TIM_OC1PreloadConfig                     0x08007c2b   Thumb Code    18  stm32f4xx_tim.o(.text)
    TIM_OC2PreloadConfig                     0x08007c3d   Thumb Code    26  stm32f4xx_tim.o(.text)
    TIM_OC3PreloadConfig                     0x08007c57   Thumb Code    18  stm32f4xx_tim.o(.text)
    TIM_OC4PreloadConfig                     0x08007c69   Thumb Code    26  stm32f4xx_tim.o(.text)
    TIM_OC1FastConfig                        0x08007c83   Thumb Code    18  stm32f4xx_tim.o(.text)
    TIM_OC2FastConfig                        0x08007c95   Thumb Code    26  stm32f4xx_tim.o(.text)
    TIM_OC3FastConfig                        0x08007caf   Thumb Code    18  stm32f4xx_tim.o(.text)
    TIM_OC4FastConfig                        0x08007cc1   Thumb Code    26  stm32f4xx_tim.o(.text)
    TIM_ClearOC1Ref                          0x08007cdb   Thumb Code    18  stm32f4xx_tim.o(.text)
    TIM_ClearOC2Ref                          0x08007ced   Thumb Code    24  stm32f4xx_tim.o(.text)
    TIM_ClearOC3Ref                          0x08007d05   Thumb Code    18  stm32f4xx_tim.o(.text)
    TIM_ClearOC4Ref                          0x08007d17   Thumb Code    24  stm32f4xx_tim.o(.text)
    TIM_OC1PolarityConfig                    0x08007d2f   Thumb Code    18  stm32f4xx_tim.o(.text)
    TIM_OC1NPolarityConfig                   0x08007d41   Thumb Code    18  stm32f4xx_tim.o(.text)
    TIM_OC2PolarityConfig                    0x08007d53   Thumb Code    26  stm32f4xx_tim.o(.text)
    TIM_OC2NPolarityConfig                   0x08007d6d   Thumb Code    26  stm32f4xx_tim.o(.text)
    TIM_OC3PolarityConfig                    0x08007d87   Thumb Code    26  stm32f4xx_tim.o(.text)
    TIM_OC3NPolarityConfig                   0x08007da1   Thumb Code    26  stm32f4xx_tim.o(.text)
    TIM_OC4PolarityConfig                    0x08007dbb   Thumb Code    26  stm32f4xx_tim.o(.text)
    TIM_CCxCmd                               0x08007dd5   Thumb Code    30  stm32f4xx_tim.o(.text)
    TIM_CCxNCmd                              0x08007df3   Thumb Code    30  stm32f4xx_tim.o(.text)
    TIM_SetIC4Prescaler                      0x08007e11   Thumb Code    26  stm32f4xx_tim.o(.text)
    TIM_SetIC3Prescaler                      0x08007e7b   Thumb Code    18  stm32f4xx_tim.o(.text)
    TIM_SetIC2Prescaler                      0x08007ed5   Thumb Code    26  stm32f4xx_tim.o(.text)
    TIM_SetIC1Prescaler                      0x08007f49   Thumb Code    18  stm32f4xx_tim.o(.text)
    TIM_ICInit                               0x08007f95   Thumb Code   110  stm32f4xx_tim.o(.text)
    TIM_ICStructInit                         0x08008003   Thumb Code    18  stm32f4xx_tim.o(.text)
    TIM_PWMIConfig                           0x08008015   Thumb Code   124  stm32f4xx_tim.o(.text)
    TIM_GetCapture1                          0x08008091   Thumb Code     6  stm32f4xx_tim.o(.text)
    TIM_GetCapture2                          0x08008097   Thumb Code     6  stm32f4xx_tim.o(.text)
    TIM_GetCapture3                          0x0800809d   Thumb Code     6  stm32f4xx_tim.o(.text)
    TIM_GetCapture4                          0x080080a3   Thumb Code     6  stm32f4xx_tim.o(.text)
    TIM_BDTRConfig                           0x080080a9   Thumb Code    32  stm32f4xx_tim.o(.text)
    TIM_BDTRStructInit                       0x080080c9   Thumb Code    18  stm32f4xx_tim.o(.text)
    TIM_CtrlPWMOutputs                       0x080080db   Thumb Code    30  stm32f4xx_tim.o(.text)
    TIM_SelectCOM                            0x080080f9   Thumb Code    24  stm32f4xx_tim.o(.text)
    TIM_CCPreloadControl                     0x08008111   Thumb Code    24  stm32f4xx_tim.o(.text)
    TIM_ITConfig                             0x08008129   Thumb Code    18  stm32f4xx_tim.o(.text)
    TIM_GenerateEvent                        0x0800813b   Thumb Code     4  stm32f4xx_tim.o(.text)
    TIM_GetFlagStatus                        0x0800813f   Thumb Code    18  stm32f4xx_tim.o(.text)
    TIM_ClearFlag                            0x08008151   Thumb Code     6  stm32f4xx_tim.o(.text)
    TIM_GetITStatus                          0x08008157   Thumb Code    34  stm32f4xx_tim.o(.text)
    TIM_ClearITPendingBit                    0x08008179   Thumb Code     6  stm32f4xx_tim.o(.text)
    TIM_DMAConfig                            0x0800817f   Thumb Code    10  stm32f4xx_tim.o(.text)
    TIM_DMACmd                               0x08008189   Thumb Code    18  stm32f4xx_tim.o(.text)
    TIM_SelectCCDMA                          0x0800819b   Thumb Code    24  stm32f4xx_tim.o(.text)
    TIM_InternalClockConfig                  0x080081b3   Thumb Code    12  stm32f4xx_tim.o(.text)
    TIM_SelectInputTrigger                   0x080081bf   Thumb Code    18  stm32f4xx_tim.o(.text)
    TIM_ITRxExternalClockConfig              0x080081d1   Thumb Code    24  stm32f4xx_tim.o(.text)
    TIM_TIxExternalClockConfig               0x080081e9   Thumb Code    62  stm32f4xx_tim.o(.text)
    TIM_ETRConfig                            0x08008227   Thumb Code    28  stm32f4xx_tim.o(.text)
    TIM_ETRClockMode1Config                  0x08008243   Thumb Code    54  stm32f4xx_tim.o(.text)
    TIM_ETRClockMode2Config                  0x08008279   Thumb Code    32  stm32f4xx_tim.o(.text)
    TIM_SelectOutputTrigger                  0x08008299   Thumb Code    18  stm32f4xx_tim.o(.text)
    TIM_SelectSlaveMode                      0x080082ab   Thumb Code    18  stm32f4xx_tim.o(.text)
    TIM_SelectMasterSlaveMode                0x080082bd   Thumb Code    18  stm32f4xx_tim.o(.text)
    TIM_EncoderInterfaceConfig               0x080082cf   Thumb Code    66  stm32f4xx_tim.o(.text)
    TIM_SelectHallSensor                     0x08008311   Thumb Code    24  stm32f4xx_tim.o(.text)
    TIM_RemapConfig                          0x08008329   Thumb Code     6  stm32f4xx_tim.o(.text)
    SYSCFG_DeInit                            0x08008331   Thumb Code    22  stm32f4xx_syscfg.o(.text)
    SYSCFG_MemoryRemapConfig                 0x08008347   Thumb Code     6  stm32f4xx_syscfg.o(.text)
    SYSCFG_MemorySwappingBank                0x0800834d   Thumb Code     6  stm32f4xx_syscfg.o(.text)
    SYSCFG_EXTILineConfig                    0x08008353   Thumb Code    66  stm32f4xx_syscfg.o(.text)
    SYSCFG_ETH_MediaInterfaceConfig          0x08008395   Thumb Code     8  stm32f4xx_syscfg.o(.text)
    SYSCFG_CompensationCellCmd               0x0800839d   Thumb Code     6  stm32f4xx_syscfg.o(.text)
    SYSCFG_GetCompensationCellStatus         0x080083a3   Thumb Code    22  stm32f4xx_syscfg.o(.text)
    GPIO_group_OUT                           0x080083c5   Thumb Code   454  common.o(.text)
    GPIO_bits_OUT                            0x0800858b   Thumb Code    92  common.o(.text)
    delay_init                               0x080085e7   Thumb Code    42  common.o(.text)
    delay_us                                 0x08008611   Thumb Code    72  common.o(.text)
    delay_xms                                0x08008659   Thumb Code    72  common.o(.text)
    delay_ms                                 0x080086a1   Thumb Code    56  common.o(.text)
    __rt_ctype_table                         0x080086e1   Thumb Code     4  ctype_o.o(.text)
    isspace                                  0x080086e9   Thumb Code    18  isspace_o.o(.text)
    tolower                                  0x080086fb   Thumb Code    12  tolower.o(.text)
    localeconv                               0x08008709   Thumb Code     4  localeconv.o(.text)
    __aeabi_memcpy                           0x08008711   Thumb Code    36  memcpya.o(.text)
    __aeabi_memcpy4                          0x08008711   Thumb Code     0  memcpya.o(.text)
    __aeabi_memcpy8                          0x08008711   Thumb Code     0  memcpya.o(.text)
    __aeabi_memset                           0x08008735   Thumb Code    14  memseta.o(.text)
    __aeabi_memset4                          0x08008735   Thumb Code     0  memseta.o(.text)
    __aeabi_memset8                          0x08008735   Thumb Code     0  memseta.o(.text)
    __aeabi_memclr                           0x08008743   Thumb Code     4  memseta.o(.text)
    __aeabi_memclr4                          0x08008743   Thumb Code     0  memseta.o(.text)
    __aeabi_memclr8                          0x08008743   Thumb Code     0  memseta.o(.text)
    _memset$wrapper                          0x08008747   Thumb Code    18  memseta.o(.text)
    strlen                                   0x08008759   Thumb Code    14  strlen.o(.text)
    strcmp                                   0x08008767   Thumb Code    28  strcmp.o(.text)
    strcpy                                   0x08008783   Thumb Code    18  strcpy.o(.text)
    strncmp                                  0x08008795   Thumb Code    30  strncmp.o(.text)
    __0sscanf                                0x080087b5   Thumb Code    48  __0sscanf.o(.text)
    _scanf_real                              0x080088ed   Thumb Code     0  scanf_fp.o(.text)
    _scanf_really_real                       0x080088ed   Thumb Code   556  scanf_fp.o(.text)
    __aeabi_dmul                             0x08008b25   Thumb Code   228  dmul.o(.text)
    __aeabi_i2d                              0x08008c09   Thumb Code    34  dflti.o(.text)
    __aeabi_d2iz                             0x08008c2b   Thumb Code    62  dfixi.o(.text)
    __aeabi_f2d                              0x08008c69   Thumb Code    38  f2d.o(.text)
    __aeabi_cdcmpeq                          0x08008c91   Thumb Code     0  cdcmple.o(.text)
    __aeabi_cdcmple                          0x08008c91   Thumb Code    38  cdcmple.o(.text)
    __aeabi_cdrcmple                         0x08008cb9   Thumb Code    38  cdrcmple.o(.text)
    __aeabi_uidiv                            0x08008ce1   Thumb Code     0  uidiv.o(.text)
    __aeabi_uidivmod                         0x08008ce1   Thumb Code    44  uidiv.o(.text)
    __aeabi_uldivmod                         0x08008d0d   Thumb Code    98  uldiv.o(.text)
    __aeabi_llsr                             0x08008d6f   Thumb Code    32  llushr.o(.text)
    _ll_ushift_r                             0x08008d6f   Thumb Code     0  llushr.o(.text)
    __vfscanf_char                           0x08008d9d   Thumb Code    20  scanf_char.o(.text)
    _sgetc                                   0x08008db9   Thumb Code    30  _sgetc.o(.text)
    _sbackspace                              0x08008dd7   Thumb Code    34  _sgetc.o(.text)
    __strtod_int                             0x08008e2f   Thumb Code    88  strtod.o(.text)
    __I$use$fp                               0x08008e95   Thumb Code     0  iusefp.o(.text)
    _double_round                            0x08008e95   Thumb Code    26  depilogue.o(.text)
    _double_epilogue                         0x08008eaf   Thumb Code   156  depilogue.o(.text)
    __aeabi_dadd                             0x08008f4b   Thumb Code   322  dadd.o(.text)
    __aeabi_dsub                             0x0800908d   Thumb Code     6  dadd.o(.text)
    __aeabi_drsub                            0x08009093   Thumb Code     6  dadd.o(.text)
    __aeabi_ddiv                             0x08009099   Thumb Code   222  ddiv.o(.text)
    __aeabi_ul2d                             0x08009177   Thumb Code    24  dfltul.o(.text)
    __aeabi_d2ulz                            0x0800918f   Thumb Code    48  dfixul.o(.text)
    __aeabi_d2f                              0x080091bf   Thumb Code    56  d2f.o(.text)
    __scatterload                            0x080091f9   Thumb Code    28  init.o(.text)
    __scatterload_rt2                        0x080091f9   Thumb Code     0  init.o(.text)
    __aeabi_llsl                             0x0800921d   Thumb Code    30  llshl.o(.text)
    _ll_shift_l                              0x0800921d   Thumb Code     0  llshl.o(.text)
    __aeabi_lasr                             0x0800923b   Thumb Code    36  llsshr.o(.text)
    _ll_sshift_r                             0x0800923b   Thumb Code     0  llsshr.o(.text)
    __vfscanf                                0x08009261   Thumb Code   802  _scanf.o(.text)
    _float_round                             0x08009589   Thumb Code    18  fepilogue.o(.text)
    _float_epilogue                          0x0800959b   Thumb Code    92  fepilogue.o(.text)
    __0printf                                0x080095f9   Thumb Code    22  printfa.o(i.__0printf)
    __1printf                                0x080095f9   Thumb Code     0  printfa.o(i.__0printf)
    __2printf                                0x080095f9   Thumb Code     0  printfa.o(i.__0printf)
    __c89printf                              0x080095f9   Thumb Code     0  printfa.o(i.__0printf)
    printf                                   0x080095f9   Thumb Code     0  printfa.o(i.__0printf)
    __0sprintf                               0x08009619   Thumb Code    34  printfa.o(i.__0sprintf)
    __1sprintf                               0x08009619   Thumb Code     0  printfa.o(i.__0sprintf)
    __2sprintf                               0x08009619   Thumb Code     0  printfa.o(i.__0sprintf)
    __c89sprintf                             0x08009619   Thumb Code     0  printfa.o(i.__0sprintf)
    sprintf                                  0x08009619   Thumb Code     0  printfa.o(i.__0sprintf)
    free                                     0x08009641   Thumb Code    88  mallocr.o(i.__free$realloc)
    __hardfp_strtod                          0x080096a1   Thumb Code    30  strtod.o(i.__hardfp_strtod)
    malloc                                   0x080096c9   Thumb Code    64  mallocr.o(i.__malloc$realloc)
    __scatterload_copy                       0x08009719   Thumb Code    14  handlers.o(i.__scatterload_copy)
    __scatterload_null                       0x08009727   Thumb Code     2  handlers.o(i.__scatterload_null)
    __scatterload_zeroinit                   0x08009729   Thumb Code    14  handlers.o(i.__scatterload_zeroinit)
    _is_digit                                0x0800989d   Thumb Code    14  scanf_fp.o(i._is_digit)
    realloc                                  0x0800a035   Thumb Code   102  mallocr.o(i.realloc)
    hz16                                     0x0800a0a0   Data         160  lcd.o(.constdata)
    hz24                                     0x0800a140   Data        1368  lcd.o(.constdata)
    char_1206                                0x0800a698   Data        1140  lcd.o(.constdata)
    char_1608                                0x0800ab0c   Data        1520  lcd.o(.constdata)
    char_2412                                0x0800b0fc   Data        4560  lcd.o(.constdata)
    FSMC_DefaultTimingStruct                 0x0800c2cc   Data          28  stm32f4xx_fsmc.o(.constdata)
    __ctype_table                            0x0800c2e8   Data         129  ctype_o.o(.constdata)
    __internal_lconv                         0x0800c370   Data          56  ilconv.o(.constdata)
    Region$$Table$$Base                      0x0800c440   Number         0  anon$$obj.o(Region$$Table)
    Region$$Table$$Limit                     0x0800c460   Number         0  anon$$obj.o(Region$$Table)
    RxCounter                                0x20000000   Data           1  main.o(.data)
    ReceiveState                             0x20000001   Data           1  main.o(.data)
    ch1_close                                0x20000002   Data           1  main.o(.data)
    ch2_close                                0x20000003   Data           1  main.o(.data)
    ch3_close                                0x20000004   Data           1  main.o(.data)
    ch4_close                                0x20000005   Data           1  main.o(.data)
    ch5_close                                0x20000006   Data           1  main.o(.data)
    ch1                                      0x20000008   Data           2  main.o(.data)
    ch2                                      0x2000000a   Data           2  main.o(.data)
    ch3                                      0x2000000c   Data           2  main.o(.data)
    ch4                                      0x2000000e   Data           2  main.o(.data)
    ch5                                      0x20000010   Data           2  main.o(.data)
    ch1_val                                  0x20000012   Data           2  main.o(.data)
    ch2_val                                  0x20000014   Data           2  main.o(.data)
    ch3_val                                  0x20000016   Data           2  main.o(.data)
    ch4_val                                  0x20000018   Data           2  main.o(.data)
    ch5_val                                  0x2000001a   Data           2  main.o(.data)
    ch1_count                                0x2000001c   Data           2  main.o(.data)
    ch2_count                                0x2000001e   Data           2  main.o(.data)
    ch3_count                                0x20000020   Data           2  main.o(.data)
    ch4_count                                0x20000022   Data           2  main.o(.data)
    ch5_count                                0x20000024   Data           2  main.o(.data)
    ch1_max                                  0x20000026   Data           2  main.o(.data)
    ch2_max                                  0x20000028   Data           2  main.o(.data)
    ch3_max                                  0x2000002a   Data           2  main.o(.data)
    ch4_max                                  0x2000002c   Data           2  main.o(.data)
    ch5_max                                  0x2000002e   Data           2  main.o(.data)
    ch1_min                                  0x20000030   Data           2  main.o(.data)
    ch2_min                                  0x20000032   Data           2  main.o(.data)
    ch3_min                                  0x20000034   Data           2  main.o(.data)
    ch4_min                                  0x20000036   Data           2  main.o(.data)
    ch5_min                                  0x20000038   Data           2  main.o(.data)
    alarm_value                              0x2000003a   Data           2  main.o(.data)
    ch1_fre                                  0x2000003c   Data           4  main.o(.data)
    ch2_fre                                  0x20000040   Data           4  main.o(.data)
    ch3_fre                                  0x20000044   Data           4  main.o(.data)
    ch4_fre                                  0x20000048   Data           4  main.o(.data)
    ch5_fre                                  0x2000004c   Data           4  main.o(.data)
    lastCheckInTime                          0x20000050   Data           4  main.o(.data)
    lastCheckStatusTime                      0x20000054   Data           4  main.o(.data)
    lastUploadTime                           0x20000058   Data           4  main.o(.data)
    lastcheckTime                            0x2000005c   Data           4  main.o(.data)
    lastSayTime                              0x20000060   Data           4  main.o(.data)
    uploadTime                               0x20000064   Data           4  main.o(.data)
    checkTime                                0x20000068   Data           4  main.o(.data)
    postingInterval                          0x2000006c   Data           4  main.o(.data)
    statusInterval                           0x20000070   Data           4  main.o(.data)
    DEVICEID                                 0x20000074   Data           4  main.o(.data)
    APIKEY                                   0x20000078   Data           4  main.o(.data)
    sm1                                      0x2000007c   Data           4  main.o(.data)
    sm2                                      0x20000080   Data           4  main.o(.data)
    sm3                                      0x20000084   Data           4  main.o(.data)
    sm4                                      0x20000088   Data           4  main.o(.data)
    sm5                                      0x2000008c   Data           4  main.o(.data)
    change                                   0x20000090   Data           1  main.o(.data)
    datatemp                                 0x20000091   Data           6  main.o(.data)
    SystemCoreClock                          0x20000098   Data           4  system_stm32f4xx.o(.data)
    AHBPrescTable                            0x2000009c   Data          16  system_stm32f4xx.o(.data)
    BRUSH_COLOR                              0x200000ac   Data           2  lcd.o(.data)
    BACK_COLOR                               0x200000ae   Data           2  lcd.o(.data)
    lcd_id                                   0x200000b0   Data           2  lcd.o(.data)
    dir_flag                                 0x200000b2   Data           1  lcd.o(.data)
    lcd_width                                0x200000b4   Data           2  lcd.o(.data)
    lcd_height                               0x200000b6   Data           2  lcd.o(.data)
    write_gramcmd                            0x200000b8   Data           2  lcd.o(.data)
    setxcmd                                  0x200000ba   Data           2  lcd.o(.data)
    setycmd                                  0x200000bc   Data           2  lcd.o(.data)
    keydown_data                             0x200000be   Data           1  key.o(.data)
    keyup_data                               0x200000bf   Data           1  key.o(.data)
    key_time                                 0x200000c0   Data           2  key.o(.data)
    key_tem                                  0x200000c2   Data           1  key.o(.data)
    key_bak                                  0x200000c3   Data           1  key.o(.data)
    __stdout                                 0x200000f0   Data           4  stdout.o(.data)
    __microlib_freelist                      0x200000f4   Data           4  mvars.o(.data)
    __microlib_freelist_initialised          0x200000f8   Data           4  mvars.o(.data)
    aRxBuffer                                0x200000fc   Data        1024  main.o(.bss)
    __heap_base                              0x20000510   Data           0  startup_stm32f40_41xxx.o(HEAP)
    __heap_limit                             0x20000710   Data           0  startup_stm32f40_41xxx.o(HEAP)
    __initial_sp                             0x20000b10   Data           0  startup_stm32f40_41xxx.o(STACK)



==============================================================================

Memory Map of the image

  Image Entry point : 0x08000189

  Load Region LR_IROM1 (Base: 0x08000000, Size: 0x0000c55c, Max: 0x00100000, ABSOLUTE)

    Execution Region ER_IROM1 (Base: 0x08000000, Size: 0x0000c460, Max: 0x00100000, ABSOLUTE)

    Base Addr    Size         Type   Attr      Idx    E Section Name        Object

    0x08000000   0x00000188   Data   RO          195    RESET               startup_stm32f40_41xxx.o
    0x08000188   0x00000000   Code   RO          629  * .ARM.Collect$$$$00000000  mc_w.l(entry.o)
    0x08000188   0x00000004   Code   RO          985    .ARM.Collect$$$$00000001  mc_w.l(entry2.o)
    0x0800018c   0x00000004   Code   RO          988    .ARM.Collect$$$$00000004  mc_w.l(entry5.o)
    0x08000190   0x00000000   Code   RO          990    .ARM.Collect$$$$00000008  mc_w.l(entry7b.o)
    0x08000190   0x00000000   Code   RO          992    .ARM.Collect$$$$0000000A  mc_w.l(entry8b.o)
    0x08000190   0x00000008   Code   RO          993    .ARM.Collect$$$$0000000B  mc_w.l(entry9a.o)
    0x08000198   0x00000000   Code   RO          995    .ARM.Collect$$$$0000000D  mc_w.l(entry10a.o)
    0x08000198   0x00000000   Code   RO          997    .ARM.Collect$$$$0000000F  mc_w.l(entry11a.o)
    0x08000198   0x00000004   Code   RO          986    .ARM.Collect$$$$00002712  mc_w.l(entry2.o)
    0x0800019c   0x00002a84   Code   RO            3    .text               main.o
    0x08002c20   0x0000001a   Code   RO          172    .text               stm32f4xx_it.o
    0x08002c3a   0x00000002   PAD
    0x08002c3c   0x00000024   Code   RO          196    .text               startup_stm32f40_41xxx.o
    0x08002c60   0x00000210   Code   RO          202    .text               system_stm32f4xx.o
    0x08002e70   0x00000edc   Code   RO          228    .text               lcd.o
    0x08003d4c   0x00000058   Code   RO          261    .text               led.o
    0x08003da4   0x000001b4   Code   RO          281    .text               key.o
    0x08003f58   0x00001d28   Code   RO          305    .text               cjson.o
    0x08005c80   0x00000260   Code   RO          351    .text               usart1.o
    0x08005ee0   0x000002b0   Code   RO          374    .text               24c02.o
    0x08006190   0x000000e0   Code   RO          394    .text               misc.o
    0x08006270   0x000005c8   Code   RO          414    .text               stm32f4xx_fsmc.o
    0x08006838   0x00000294   Code   RO          437    .text               stm32f4xx_gpio.o
    0x08006acc   0x0000065c   Code   RO          457    .text               stm32f4xx_rcc.o
    0x08007128   0x00000454   Code   RO          499    .text               stm32f4xx_usart.o
    0x0800757c   0x00000110   Code   RO          539    .text               stm32f4xx_exti.o
    0x0800768c   0x00000ca2   Code   RO          559    .text               stm32f4xx_tim.o
    0x0800832e   0x00000002   PAD
    0x08008330   0x00000094   Code   RO          579    .text               stm32f4xx_syscfg.o
    0x080083c4   0x0000031c   Code   RO          600    .text               common.o
    0x080086e0   0x00000008   Code   RO          632    .text               mc_w.l(ctype_o.o)
    0x080086e8   0x00000012   Code   RO          654    .text               mc_w.l(isspace_o.o)
    0x080086fa   0x0000000c   Code   RO          660    .text               mc_w.l(tolower.o)
    0x08008706   0x00000002   PAD
    0x08008708   0x00000008   Code   RO          662    .text               mc_w.l(localeconv.o)
    0x08008710   0x00000024   Code   RO          664    .text               mc_w.l(memcpya.o)
    0x08008734   0x00000024   Code   RO          666    .text               mc_w.l(memseta.o)
    0x08008758   0x0000000e   Code   RO          668    .text               mc_w.l(strlen.o)
    0x08008766   0x0000001c   Code   RO          670    .text               mc_w.l(strcmp.o)
    0x08008782   0x00000012   Code   RO          672    .text               mc_w.l(strcpy.o)
    0x08008794   0x0000001e   Code   RO          674    .text               mc_w.l(strncmp.o)
    0x080087b2   0x00000002   PAD
    0x080087b4   0x00000038   Code   RO          967    .text               mc_w.l(__0sscanf.o)
    0x080087ec   0x00000338   Code   RO          969    .text               mc_w.l(scanf_fp.o)
    0x08008b24   0x000000e4   Code   RO          973    .text               mf_w.l(dmul.o)
    0x08008c08   0x00000022   Code   RO          975    .text               mf_w.l(dflti.o)
    0x08008c2a   0x0000003e   Code   RO          977    .text               mf_w.l(dfixi.o)
    0x08008c68   0x00000026   Code   RO          979    .text               mf_w.l(f2d.o)
    0x08008c8e   0x00000002   PAD
    0x08008c90   0x00000028   Code   RO          981    .text               mf_w.l(cdcmple.o)
    0x08008cb8   0x00000028   Code   RO          983    .text               mf_w.l(cdrcmple.o)
    0x08008ce0   0x0000002c   Code   RO         1000    .text               mc_w.l(uidiv.o)
    0x08008d0c   0x00000062   Code   RO         1002    .text               mc_w.l(uldiv.o)
    0x08008d6e   0x00000020   Code   RO         1004    .text               mc_w.l(llushr.o)
    0x08008d8e   0x00000002   PAD
    0x08008d90   0x00000028   Code   RO         1010    .text               mc_w.l(scanf_char.o)
    0x08008db8   0x00000040   Code   RO         1012    .text               mc_w.l(_sgetc.o)
    0x08008df8   0x0000009c   Code   RO         1014    .text               mc_w.l(strtod.o)
    0x08008e94   0x00000000   Code   RO         1016    .text               mc_w.l(iusefp.o)
    0x08008e94   0x000000b6   Code   RO         1017    .text               mf_w.l(depilogue.o)
    0x08008f4a   0x0000014e   Code   RO         1019    .text               mf_w.l(dadd.o)
    0x08009098   0x000000de   Code   RO         1021    .text               mf_w.l(ddiv.o)
    0x08009176   0x00000018   Code   RO         1023    .text               mf_w.l(dfltul.o)
    0x0800918e   0x00000030   Code   RO         1025    .text               mf_w.l(dfixul.o)
    0x080091be   0x00000038   Code   RO         1027    .text               mf_w.l(d2f.o)
    0x080091f6   0x00000002   PAD
    0x080091f8   0x00000024   Code   RO         1029    .text               mc_w.l(init.o)
    0x0800921c   0x0000001e   Code   RO         1031    .text               mc_w.l(llshl.o)
    0x0800923a   0x00000024   Code   RO         1033    .text               mc_w.l(llsshr.o)
    0x0800925e   0x00000002   PAD
    0x08009260   0x00000328   Code   RO         1037    .text               mc_w.l(_scanf.o)
    0x08009588   0x0000006e   Code   RO         1039    .text               mf_w.l(fepilogue.o)
    0x080095f6   0x00000002   PAD
    0x080095f8   0x00000020   Code   RO          911    i.__0printf         mc_w.l(printfa.o)
    0x08009618   0x00000028   Code   RO          913    i.__0sprintf        mc_w.l(printfa.o)
    0x08009640   0x0000005c   Code   RO          943    i.__free$realloc    mc_w.l(mallocr.o)
    0x0800969c   0x00000004   PAD
    0x080096a0   0x00000028   Code   RO          623    i.__hardfp_strtod   m_wm.l(strtod.o)
    0x080096c8   0x00000050   Code   RO          944    i.__malloc$realloc  mc_w.l(mallocr.o)
    0x08009718   0x0000000e   Code   RO         1046    i.__scatterload_copy  mc_w.l(handlers.o)
    0x08009726   0x00000002   Code   RO         1047    i.__scatterload_null  mc_w.l(handlers.o)
    0x08009728   0x0000000e   Code   RO         1048    i.__scatterload_zeroinit  mc_w.l(handlers.o)
    0x08009736   0x00000002   PAD
    0x08009738   0x00000164   Code   RO          918    i._fp_digits        mc_w.l(printfa.o)
    0x0800989c   0x0000000e   Code   RO          971    i._is_digit         mc_w.l(scanf_fp.o)
    0x080098aa   0x00000002   PAD
    0x080098ac   0x000006dc   Code   RO          919    i._printf_core      mc_w.l(printfa.o)
    0x08009f88   0x00000024   Code   RO          920    i._printf_post_padding  mc_w.l(printfa.o)
    0x08009fac   0x0000002e   Code   RO          921    i._printf_pre_padding  mc_w.l(printfa.o)
    0x08009fda   0x0000000a   Code   RO          923    i._sputc            mc_w.l(printfa.o)
    0x08009fe4   0x00000050   Code   RO          945    i.internal_alloc    mc_w.l(mallocr.o)
    0x0800a034   0x0000006c   Code   RO          946    i.realloc           mc_w.l(mallocr.o)
    0x0800a0a0   0x0000222c   Data   RO          229    .constdata          lcd.o
    0x0800c2cc   0x0000001c   Data   RO          415    .constdata          stm32f4xx_fsmc.o
    0x0800c2e8   0x00000081   Data   RO          633    .constdata          mc_w.l(ctype_o.o)
    0x0800c369   0x00000003   PAD
    0x0800c36c   0x00000004   Data   RO          634    .constdata          mc_w.l(ctype_o.o)
    0x0800c370   0x00000038   Data   RO         1006    .constdata          mc_w.l(ilconv.o)
    0x0800c3a8   0x0000008e   Data   RO            5    .conststring        main.o
    0x0800c436   0x00000002   PAD
    0x0800c438   0x00000005   Data   RO         1007    .conststring        mc_w.l(ilconv.o)
    0x0800c43d   0x00000003   PAD
    0x0800c440   0x00000020   Data   RO         1044    Region$$Table       anon$$obj.o


    Execution Region RW_IRAM1 (Base: 0x20000000, Size: 0x00000b10, Max: 0x00020000, ABSOLUTE)

    Base Addr    Size         Type   Attr      Idx    E Section Name        Object

    0x20000000   0x00000097   Data   RW            6    .data               main.o
    0x20000097   0x00000001   PAD
    0x20000098   0x00000014   Data   RW          203    .data               system_stm32f4xx.o
    0x200000ac   0x00000012   Data   RW          230    .data               lcd.o
    0x200000be   0x00000006   Data   RW          282    .data               key.o
    0x200000c4   0x00000014   Data   RW          307    .data               cjson.o
    0x200000d8   0x00000004   Data   RW          352    .data               usart1.o
    0x200000dc   0x00000010   Data   RW          458    .data               stm32f4xx_rcc.o
    0x200000ec   0x00000004   Data   RW          601    .data               common.o
    0x200000f0   0x00000004   Data   RW          999    .data               mc_w.l(stdout.o)
    0x200000f4   0x00000004   Data   RW         1008    .data               mc_w.l(mvars.o)
    0x200000f8   0x00000004   Data   RW         1009    .data               mc_w.l(mvars.o)
    0x200000fc   0x00000400   Zero   RW            4    .bss                main.o
    0x200004fc   0x0000000f   Zero   RW          306    .bss                cjson.o
    0x2000050b   0x00000005   PAD
    0x20000510   0x00000200   Zero   RW          194    HEAP                startup_stm32f40_41xxx.o
    0x20000710   0x00000400   Zero   RW          193    STACK               startup_stm32f40_41xxx.o


==============================================================================

Image component sizes


      Code (inc. data)   RO Data    RW Data    ZI Data      Debug   Object Name

       688         12          0          0          0       3613   24c02.o
      7464        174          0         20         15      35241   cjson.o
       796         40          0          4          0       2782   common.o
       436         44          0          6          0       1495   key.o
      3804        154       8748         18          0      11564   lcd.o
        88          8          0          0          0        607   led.o
     10884       2052        142        151       1024     308543   main.o
       224         20          0          0          0       2001   misc.o
        36          8        392          0       1536        880   startup_stm32f40_41xxx.o
       272         10          0          0          0       2447   stm32f4xx_exti.o
      1480         18         28          0          0       5878   stm32f4xx_fsmc.o
       660         44          0          0          0       4281   stm32f4xx_gpio.o
        26          0          0          0          0       1310   stm32f4xx_it.o
      1628         52          0         16          0      13144   stm32f4xx_rcc.o
       148         12          0          0          0       1933   stm32f4xx_syscfg.o
      3234         60          0          0          0      22484   stm32f4xx_tim.o
      1108         34          0          0          0       7980   stm32f4xx_usart.o
       528         46          0         20          0       2103   system_stm32f4xx.o
       608         30          0          4          0       3042   usart1.o

    ----------------------------------------------------------------------
     34116       2818       9344        240       2580     431328   Object Totals
         0          0         32          0          0          0   (incl. Generated)
         4          0          2          1          5          0   (incl. Padding)

    ----------------------------------------------------------------------

      Code (inc. data)   RO Data    RW Data    ZI Data      Debug   Library Member Name

        40         10          0          0          0        128   strtod.o
        56          8          0          0          0         84   __0sscanf.o
       808          6          0          0          0        112   _scanf.o
        64          0          0          0          0         84   _sgetc.o
         8          4        133          0          0         68   ctype_o.o
         0          0          0          0          0          0   entry.o
         0          0          0          0          0          0   entry10a.o
         0          0          0          0          0          0   entry11a.o
         8          4          0          0          0          0   entry2.o
         4          0          0          0          0          0   entry5.o
         0          0          0          0          0          0   entry7b.o
         0          0          0          0          0          0   entry8b.o
         8          4          0          0          0          0   entry9a.o
        30          0          0          0          0          0   handlers.o
         0          0         61          0          0          0   ilconv.o
        36          8          0          0          0         68   init.o
        18          0          0          0          0         76   isspace_o.o
         0          0          0          0          0          0   iusefp.o
        30          0          0          0          0         68   llshl.o
        36          0          0          0          0         68   llsshr.o
        32          0          0          0          0         68   llushr.o
         8          4          0          0          0         68   localeconv.o
       360         30          0          0          0        356   mallocr.o
        36          0          0          0          0         68   memcpya.o
        36          0          0          0          0        108   memseta.o
         0          0          0          8          0          0   mvars.o
      2276         96          0          0          0        596   printfa.o
        40          8          0          0          0         84   scanf_char.o
       838         12          0          0          0        216   scanf_fp.o
         0          0          0          4          0          0   stdout.o
        28          0          0          0          0         76   strcmp.o
        18          0          0          0          0         68   strcpy.o
        14          0          0          0          0         68   strlen.o
        30          0          0          0          0         80   strncmp.o
       156         14          0          0          0        120   strtod.o
        12          0          0          0          0         68   tolower.o
        44          0          0          0          0         80   uidiv.o
        98          0          0          0          0         92   uldiv.o
        40          2          0          0          0         68   cdcmple.o
        40          2          0          0          0         68   cdrcmple.o
        56          0          0          0          0         88   d2f.o
       334          0          0          0          0        148   dadd.o
       222          0          0          0          0        100   ddiv.o
       182          0          0          0          0        176   depilogue.o
        62          0          0          0          0         80   dfixi.o
        48          0          0          0          0         68   dfixul.o
        34          0          0          0          0         76   dflti.o
        24          0          0          0          0         76   dfltul.o
       228          0          0          0          0         96   dmul.o
        38          0          0          0          0         68   f2d.o
       110          0          0          0          0        168   fepilogue.o

    ----------------------------------------------------------------------
      6612        216        200         12          0       4252   Library Totals
        22          4          6          0          0          0   (incl. Padding)

    ----------------------------------------------------------------------

      Code (inc. data)   RO Data    RW Data    ZI Data      Debug   Library Name

        40         10          0          0          0        128   m_wm.l
      5132        198        194         12          0       2844   mc_w.l
      1418          4          0          0          0       1280   mf_w.l

    ----------------------------------------------------------------------
      6612        216        200         12          0       4252   Library Totals

    ----------------------------------------------------------------------

==============================================================================


      Code (inc. data)   RO Data    RW Data    ZI Data      Debug   

     40728       3034       9544        252       2580     429248   Grand Totals
     40728       3034       9544        252       2580     429248   ELF Image Totals
     40728       3034       9544        252          0          0   ROM Totals

==============================================================================

    Total RO  Size (Code + RO Data)                50272 (  49.09kB)
    Total RW  Size (RW Data + ZI Data)              2832 (   2.77kB)
    Total ROM Size (Code + RO Data + RW Data)      50524 (  49.34kB)

==============================================================================

