<html>
<body>
<pre>
<h1>礦ision Build Log</h1>
<h2>Project:</h2>
D:\supan\启明欣欣STM32F407(高配版V4.1)学习资料\水泵寿命测试-贝壳物联\Project\RTC.uvproj
Project File Date:  06/17/2019

<h2>Output:</h2>
Build target 'Target 1'
compiling main.c...
..\Main\main.c(146): warning:  #223-D: function "strncmp" declared implicitly
                if(strncmp(m,"time",4) == 0)    //输出网络时间
..\Main\main.c(149): warning:  #167-D: argument of type "char *" is incompatible with parameter of type "u8 *"
                        LCD_DisplayString(106,275,16,content);
..\Main\main.c(176): warning:  #167-D: argument of type "char *" is incompatible with parameter of type "u8 *"
                                LCD_DisplayString(10,291,16,from_id);
..\Main\main.c(184): warning:  #167-D: argument of type "char *" is incompatible with parameter of type "u8 *"
                                LCD_DisplayString(10,291,16,from_id);
..\Main\main.c(197): warning:  #167-D: argument of type "char *" is incompatible with parameter of type "u8 *"
                                LCD_DisplayString(10,291,16,content);
..\Main\main.c(241): warning:  #167-D: argument of type "u8 *" is incompatible with parameter of type "char *restrict"
                                                        case 1:ch1_fre = number;sprintf(datatemp, "%d",ch1_fre);AT24C02_Write(0,datatemp,6);break;
..\Main\main.c(242): warning:  #167-D: argument of type "u8 *" is incompatible with parameter of type "char *restrict"
                                                        case 2:ch2_fre = number;sprintf(datatemp, "%d",ch2_fre);AT24C02_Write(8,datatemp,6);break;
..\Main\main.c(243): warning:  #167-D: argument of type "u8 *" is incompatible with parameter of type "char *restrict"
                                                        case 3:ch3_fre = number;sprintf(datatemp, "%d",ch3_fre);AT24C02_Write(16,datatemp,6);break;
..\Main\main.c(244): warning:  #167-D: argument of type "u8 *" is incompatible with parameter of type "char *restrict"
                                                        case 4:ch4_fre = number;sprintf(datatemp, "%d",ch4_fre);AT24C02_Write(24,datatemp,6);break;
..\Main\main.c(245): warning:  #167-D: argument of type "u8 *" is incompatible with parameter of type "char *restrict"
                                                        case 5:ch5_fre = number;sprintf(datatemp, "%d",ch5_fre);AT24C02_Write(32,datatemp,6);break;
..\Main\main.c(251): warning:  #167-D: argument of type "u8 *" is incompatible with parameter of type "char *restrict"
                                                                                        sprintf(datatemp, "%d",ch1_fre);AT24C02_Write(0,datatemp,6);
..\Main\main.c(252): warning:  #167-D: argument of type "u8 *" is incompatible with parameter of type "char *restrict"
                                                                                        sprintf(datatemp, "%d",ch2_fre);AT24C02_Write(8,datatemp,6);
..\Main\main.c(253): warning:  #167-D: argument of type "u8 *" is incompatible with parameter of type "char *restrict"
                                                                                        sprintf(datatemp, "%d",ch3_fre);AT24C02_Write(16,datatemp,6);
..\Main\main.c(254): warning:  #167-D: argument of type "u8 *" is incompatible with parameter of type "char *restrict"
                                                                                        sprintf(datatemp, "%d",ch4_fre);AT24C02_Write(24,datatemp,6);
..\Main\main.c(255): warning:  #167-D: argument of type "u8 *" is incompatible with parameter of type "char *restrict"
                                                                                        sprintf(datatemp, "%d",ch5_fre);AT24C02_Write(32,datatemp,6);break;
..\Main\main.c(303): warning:  #167-D: argument of type "u8 *" is incompatible with parameter of type "char *restrict"
                                        sprintf(datatemp, "%d",ch1_fre);AT24C02_Write(0,datatemp,6);
..\Main\main.c(304): warning:  #167-D: argument of type "u8 *" is incompatible with parameter of type "char *restrict"
                                        sprintf(datatemp, "%d",ch2_fre);AT24C02_Write(8,datatemp,6);
..\Main\main.c(305): warning:  #167-D: argument of type "u8 *" is incompatible with parameter of type "char *restrict"
                                        sprintf(datatemp, "%d",ch3_fre);AT24C02_Write(16,datatemp,6);
..\Main\main.c(306): warning:  #167-D: argument of type "u8 *" is incompatible with parameter of type "char *restrict"
                                        sprintf(datatemp, "%d",ch4_fre);AT24C02_Write(24,datatemp,6);
..\Main\main.c(307): warning:  #167-D: argument of type "u8 *" is incompatible with parameter of type "char *restrict"
                                        sprintf(datatemp, "%d",ch5_fre);AT24C02_Write(32,datatemp,6);
..\Main\main.c(777): warning:  #167-D: argument of type "u8 *" is incompatible with parameter of type "char *"
        ch1_fre = str2int(datatemp);
..\Main\main.c(779): warning:  #167-D: argument of type "u8 *" is incompatible with parameter of type "char *"
        ch2_fre = str2int(datatemp);
..\Main\main.c(781): warning:  #167-D: argument of type "u8 *" is incompatible with parameter of type "char *"
        ch3_fre = str2int(datatemp);
..\Main\main.c(783): warning:  #167-D: argument of type "u8 *" is incompatible with parameter of type "char *"
        ch4_fre = str2int(datatemp);
..\Main\main.c(785): warning:  #167-D: argument of type "u8 *" is incompatible with parameter of type "char *"
        ch5_fre = str2int(datatemp);    
..\Main\main.c(817): warning:  #167-D: argument of type "u8 *" is incompatible with parameter of type "char *restrict"
                                                                sprintf(datatemp, "%d",ch1_fre);AT24C02_Write(0,datatemp,6);
..\Main\main.c(823): warning:  #167-D: argument of type "u8 *" is incompatible with parameter of type "char *restrict"
                                                                sprintf(datatemp, "%d",ch2_fre);AT24C02_Write(8,datatemp,6);
..\Main\main.c(829): warning:  #167-D: argument of type "u8 *" is incompatible with parameter of type "char *restrict"
                                                                sprintf(datatemp, "%d",ch3_fre);AT24C02_Write(16,datatemp,6);
..\Main\main.c(835): warning:  #167-D: argument of type "u8 *" is incompatible with parameter of type "char *restrict"
                                                                sprintf(datatemp, "%d",ch4_fre);AT24C02_Write(24,datatemp,6);
..\Main\main.c(841): warning:  #167-D: argument of type "u8 *" is incompatible with parameter of type "char *restrict"
                                                                sprintf(datatemp, "%d",ch5_fre);AT24C02_Write(32,datatemp,6);
..\Main\main.c(935): warning:  #167-D: argument of type "volatile u8 *" is incompatible with parameter of type "char *"
              processMessage(aRxBuffer);
..\Main\main.c: 31 warnings, 0 errors
linking...
Program Size: Code=40728 RO-data=9544 RW-data=252 ZI-data=2580  
FromELF: creating hex file...
".\OBJ\RTC.axf" - 0 Error(s), 31 Warning(s).
